Archive member included to satisfy reference by file (symbol)

c:/vsarm/armcc/102021~1.10/bin/../lib/gcc/arm-none-eabi/10.3.1/thumb/v6-m/nofp\libgcc.a(_dvmd_tls.o)
                              CMakeFiles/temp_read.dir/C_/VSARM/sdk/pico/pico-sdk/src/rp2_common/pico_divider/divider.S.obj (__aeabi_idiv0)
c:/vsarm/armcc/102021~1.10/bin/../lib/gcc/arm-none-eabi/10.3.1/../../../../arm-none-eabi/lib/thumb/v6-m/nofp\libg.a(lib_a-calloc.o)
                              CMakeFiles/temp_read.dir/C_/VSARM/sdk/pico/pico-sdk/src/rp2_common/pico_malloc/pico_malloc.c.obj (calloc)
c:/vsarm/armcc/102021~1.10/bin/../lib/gcc/arm-none-eabi/10.3.1/../../../../arm-none-eabi/lib/thumb/v6-m/nofp\libg.a(lib_a-callocr.o)
                              c:/vsarm/armcc/102021~1.10/bin/../lib/gcc/arm-none-eabi/10.3.1/../../../../arm-none-eabi/lib/thumb/v6-m/nofp\libg.a(lib_a-calloc.o) (_calloc_r)
c:/vsarm/armcc/102021~1.10/bin/../lib/gcc/arm-none-eabi/10.3.1/../../../../arm-none-eabi/lib/thumb/v6-m/nofp\libg.a(lib_a-errno.o)
                              c:/vsarm/armcc/102021~1.10/bin/../lib/gcc/arm-none-eabi/10.3.1/../../../../arm-none-eabi/lib/thumb/v6-m/nofp\libg.a(lib_a-callocr.o) (__errno)
c:/vsarm/armcc/102021~1.10/bin/../lib/gcc/arm-none-eabi/10.3.1/../../../../arm-none-eabi/lib/thumb/v6-m/nofp\libg.a(lib_a-impure.o)
                              c:/vsarm/armcc/102021~1.10/bin/../lib/gcc/arm-none-eabi/10.3.1/../../../../arm-none-eabi/lib/thumb/v6-m/nofp\libg.a(lib_a-calloc.o) (_impure_ptr)
c:/vsarm/armcc/102021~1.10/bin/../lib/gcc/arm-none-eabi/10.3.1/../../../../arm-none-eabi/lib/thumb/v6-m/nofp\libg.a(lib_a-init.o)
                              c:/vsarm/armcc/102021~1.10/bin/../lib/gcc/arm-none-eabi/10.3.1/../../../../arm-none-eabi/lib/thumb/v6-m/nofp/crt0.o (__libc_init_array)
c:/vsarm/armcc/102021~1.10/bin/../lib/gcc/arm-none-eabi/10.3.1/../../../../arm-none-eabi/lib/thumb/v6-m/nofp\libg.a(lib_a-malloc.o)
                              CMakeFiles/temp_read.dir/C_/VSARM/sdk/pico/pico-sdk/src/rp2_common/pico_malloc/pico_malloc.c.obj (malloc)
c:/vsarm/armcc/102021~1.10/bin/../lib/gcc/arm-none-eabi/10.3.1/../../../../arm-none-eabi/lib/thumb/v6-m/nofp\libg.a(lib_a-mallocr.o)
                              c:/vsarm/armcc/102021~1.10/bin/../lib/gcc/arm-none-eabi/10.3.1/../../../../arm-none-eabi/lib/thumb/v6-m/nofp\libg.a(lib_a-callocr.o) (_malloc_r)
c:/vsarm/armcc/102021~1.10/bin/../lib/gcc/arm-none-eabi/10.3.1/../../../../arm-none-eabi/lib/thumb/v6-m/nofp\libg.a(lib_a-mlock.o)
                              c:/vsarm/armcc/102021~1.10/bin/../lib/gcc/arm-none-eabi/10.3.1/../../../../arm-none-eabi/lib/thumb/v6-m/nofp\libg.a(lib_a-mallocr.o) (__malloc_lock)
c:/vsarm/armcc/102021~1.10/bin/../lib/gcc/arm-none-eabi/10.3.1/../../../../arm-none-eabi/lib/thumb/v6-m/nofp\libg.a(lib_a-realloc.o)
                              CMakeFiles/temp_read.dir/C_/VSARM/sdk/pico/pico-sdk/src/rp2_common/pico_malloc/pico_malloc.c.obj (realloc)
c:/vsarm/armcc/102021~1.10/bin/../lib/gcc/arm-none-eabi/10.3.1/../../../../arm-none-eabi/lib/thumb/v6-m/nofp\libg.a(lib_a-reallocr.o)
                              c:/vsarm/armcc/102021~1.10/bin/../lib/gcc/arm-none-eabi/10.3.1/../../../../arm-none-eabi/lib/thumb/v6-m/nofp\libg.a(lib_a-realloc.o) (_realloc_r)
c:/vsarm/armcc/102021~1.10/bin/../lib/gcc/arm-none-eabi/10.3.1/../../../../arm-none-eabi/lib/thumb/v6-m/nofp\libg.a(lib_a-sbrkr.o)
                              c:/vsarm/armcc/102021~1.10/bin/../lib/gcc/arm-none-eabi/10.3.1/../../../../arm-none-eabi/lib/thumb/v6-m/nofp\libg.a(lib_a-mallocr.o) (_sbrk_r)
c:/vsarm/armcc/102021~1.10/bin/../lib/gcc/arm-none-eabi/10.3.1/../../../../arm-none-eabi/lib/thumb/v6-m/nofp\libg.a(lib_a-scanf.o)
                              CMakeFiles/temp_read.dir/main.c.obj (scanf)
c:/vsarm/armcc/102021~1.10/bin/../lib/gcc/arm-none-eabi/10.3.1/../../../../arm-none-eabi/lib/thumb/v6-m/nofp\libg.a(lib_a-strlen-stub.o)
                              CMakeFiles/temp_read.dir/C_/VSARM/sdk/pico/pico-sdk/src/rp2_common/pico_stdio/stdio.c.obj (strlen)
c:/vsarm/armcc/102021~1.10/bin/../lib/gcc/arm-none-eabi/10.3.1/../../../../arm-none-eabi/lib/thumb/v6-m/nofp\libg.a(lib_a-vfscanf.o)
                              c:/vsarm/armcc/102021~1.10/bin/../lib/gcc/arm-none-eabi/10.3.1/../../../../arm-none-eabi/lib/thumb/v6-m/nofp\libg.a(lib_a-scanf.o) (_vfscanf_r)
c:/vsarm/armcc/102021~1.10/bin/../lib/gcc/arm-none-eabi/10.3.1/../../../../arm-none-eabi/lib/thumb/v6-m/nofp\libg.a(lib_a-ctype_.o)
                              c:/vsarm/armcc/102021~1.10/bin/../lib/gcc/arm-none-eabi/10.3.1/../../../../arm-none-eabi/lib/thumb/v6-m/nofp\libg.a(lib_a-vfscanf.o) (_ctype_)
c:/vsarm/armcc/102021~1.10/bin/../lib/gcc/arm-none-eabi/10.3.1/../../../../arm-none-eabi/lib/thumb/v6-m/nofp\libg.a(lib_a-findfp.o)
                              c:/vsarm/armcc/102021~1.10/bin/../lib/gcc/arm-none-eabi/10.3.1/../../../../arm-none-eabi/lib/thumb/v6-m/nofp\libg.a(lib_a-vfscanf.o) (__sinit)
[...]
Memory Configuration

Name             Origin             Length             Attributes
FLASH            0x10000000         0x00200000         xr
RAM              0x20000000         0x00040000         xrw
SCRATCH_X        0x20040000         0x00001000         xrw
SCRATCH_Y        0x20041000         0x00001000         xrw
*default*        0x00000000         0xffffffff

Linker script and memory map

LOAD c:/vsarm/armcc/102021~1.10/bin/../lib/gcc/arm-none-eabi/10.3.1/thumb/v6-m/nofp/crti.o
LOAD c:/vsarm/armcc/102021~1.10/bin/../lib/gcc/arm-none-eabi/10.3.1/thumb/v6-m/nofp/crtbegin.o
LOAD c:/vsarm/armcc/102021~1.10/bin/../lib/gcc/arm-none-eabi/10.3.1/../../../../arm-none-eabi/lib/thumb/v6-m/nofp/crt0.o

.flash_begin    0x10000000        0x0
                0x10000000                __flash_binary_start = .

.boot2          0x10000000      0x100
                0x10000000                __boot2_start__ = .
 *(.boot2)
 .boot2         0x10000000      0x100 C:\Users\denny\AppData\Local\Temp\ccU0NZHa.o
                0x10000100                __boot2_end__ = .
                0x00000001                ASSERT (((__boot2_end__ - __boot2_start__) == 0x100), ERROR: Pico second stage bootloader must be 256 bytes in size)

.text           0x10000100     0xcf70
                0x10000100                __logical_binary_start = .
 *(.vectors)
 .vectors       0x10000100       0xd4 CMakeFiles/temp_read.dir/C_/VSARM/sdk/pico/pico-sdk/src/rp2_common/pico_standard_link/crt0.S.obj
                0x10000100                __VECTOR_TABLE
                0x10000100                __vectors
                0x100001c0                isr_invalid
                0x100001c0                __default_isrs_start
                0x100001c2                isr_nmi
                0x100001c4                isr_hardfault
                0x100001c6                isr_svcall
                0x100001c8                isr_pendsv
                0x100001ca                isr_systick
                0x100001cc                isr_irq23
                0x100001cc                isr_irq18
                0x100001cc                isr_irq11
                0x100001cc                isr_irq28
                0x100001cc                isr_irq19
                0x100001cc                isr_irq0
                0x100001cc                isr_irq6
                0x100001cc                isr_irq5
                0x100001cc                isr_irq12
                0x100001cc                isr_irq22
                0x100001cc                isr_irq31
                0x100001cc                isr_irq17
                0x100001cc                isr_irq27
                0x100001cc                isr_irq30
                0x100001cc                isr_irq2
                0x100001cc                isr_irq10
                0x100001cc                isr_irq8
                0x100001cc                isr_irq24
                0x100001cc                isr_irq1
                0x100001cc                isr_irq7
                0x100001cc                isr_irq21
                0x100001cc                isr_irq20
                0x100001cc                isr_irq15
                0x100001cc                isr_irq25
                0x100001cc                isr_irq13
                0x100001cc                __unhandled_user_irq
                0x100001cc                isr_irq4
                0x100001cc                isr_irq16
                0x100001cc                isr_irq29
                0x100001cc                isr_irq26
                0x100001cc                __default_isrs_end
                0x100001cc                isr_irq3
                0x100001cc                isr_irq14
                0x100001cc                isr_irq9
                0x100001d2                unhandled_user_irq_num_in_r0
 *(.binary_info_header)
 .binary_info_header
                0x100001d4       0x14 CMakeFiles/temp_read.dir/C_/VSARM/sdk/pico/pico-sdk/src/rp2_common/pico_standard_link/crt0.S.obj
                0x100001e8                __binary_info_header_end = .
 *(.reset)
 .reset         0x100001e8       0xa0 CMakeFiles/temp_read.dir/C_/VSARM/sdk/pico/pico-sdk/src/rp2_common/pico_standard_link/crt0.S.obj
                0x100001e8                _entry_point
 .reset         0x10000288       0x30 CMakeFiles/temp_read.dir/C_/VSARM/sdk/pico/pico-sdk/src/rp2_common/pico_standard_link/binary_info.c.obj
 *(.init)
 .init          0x100002b8        0x4 c:/vsarm/armcc/102021~1.10/bin/../lib/gcc/arm-none-eabi/10.3.1/thumb/v6-m/nofp/crti.o
                0x100002b8                _init
 *(EXCLUDE_FILE(*libm.a: *libc.a:*lib_a-mem*.o *libgcc.a:) .text*)
 .text          0x100002bc       0x48 c:/vsarm/armcc/102021~1.10/bin/../lib/gcc/arm-none-eabi/10.3.1/thumb/v6-m/nofp/crtbegin.o
 .text.read_onboard_temperature
                0x10000304       0x7c CMakeFiles/temp_read.dir/main.c.obj
                0x10000304                read_onboard_temperature
 .text.per_timer_callback
                0x10000380       0x54 CMakeFiles/temp_read.dir/main.c.obj
                0x10000380                per_timer_callback
 .text.main     0x100003d4       0xbc CMakeFiles/temp_read.dir/main.c.obj
                0x100003d4                main
 .text.gpio_set_function
                0x10000490       0x30 CMakeFiles/temp_read.dir/C_/VSARM/sdk/pico/pico-sdk/src/rp2_common/hardware_gpio/gpio.c.obj
                0x10000490                gpio_set_function
 .text.gpio_init
                0x100004c0       0x16 CMakeFiles/temp_read.dir/C_/VSARM/sdk/pico/pico-sdk/src/rp2_common/hardware_gpio/gpio.c.obj
                0x100004c0                gpio_init
 *fill*         0x100004d6        0x2 
 .text.running_on_fpga
                0x100004d8       0x14 CMakeFiles/temp_read.dir/C_/VSARM/sdk/pico/pico-sdk/src/rp2_common/pico_platform/platform.c.obj
                0x100004d8                running_on_fpga
 .text.hw_claim_lock
                0x100004ec       0x18 CMakeFiles/temp_read.dir/C_/VSARM/sdk/pico/pico-sdk/src/rp2_common/hardware_claim/claim.c.obj
                0x100004ec                hw_claim_lock
 .text.hw_claim_unlock
                0x10000504       0x14 CMakeFiles/temp_read.dir/C_/VSARM/sdk/pico/pico-sdk/src/rp2_common/hardware_claim/claim.c.obj
                0x10000504                hw_claim_unlock
 .text.hw_claim_or_assert
                0x10000518       0x32 CMakeFiles/temp_read.dir/C_/VSARM/sdk/pico/pico-sdk/src/rp2_common/hardware_claim/claim.c.obj
                0x10000518                hw_claim_or_assert
 .text.hw_claim_unused_from_range
                0x1000054a       0x50 CMakeFiles/temp_read.dir/C_/VSARM/sdk/pico/pico-sdk/src/rp2_common/hardware_claim/claim.c.obj
                0x1000054a                hw_claim_unused_from_range
 *fill*         0x1000059a        0x2 
 .text.spin_locks_reset
                0x1000059c       0x20 CMakeFiles/temp_read.dir/C_/VSARM/sdk/pico/pico-sdk/src/rp2_common/hardware_sync/sync.c.obj
                0x1000059c                spin_locks_reset
 .text.next_striped_spin_lock_num
                0x100005bc       0x1c CMakeFiles/temp_read.dir/C_/VSARM/sdk/pico/pico-sdk/src/rp2_common/hardware_sync/sync.c.obj
                0x100005bc                next_striped_spin_lock_num
 .text.spin_lock_claim_unused
                0x100005d8       0x20 CMakeFiles/temp_read.dir/C_/VSARM/sdk/pico/pico-sdk/src/rp2_common/hardware_sync/sync.c.obj
                0x100005d8                spin_lock_claim_unused
 .text.set_raw_irq_handler_and_unlock
                0x100005f8       0x28 CMakeFiles/temp_read.dir/C_/VSARM/sdk/pico/pico-sdk/src/rp2_common/hardware_irq/irq.c.obj
 .text.make_branch
                0x10000620       0x48 CMakeFiles/temp_read.dir/C_/VSARM/sdk/pico/pico-sdk/src/rp2_common/hardware_irq/irq.c.obj
 .text.insert_branch_and_link
                0x10000668       0x40 CMakeFiles/temp_read.dir/C_/VSARM/sdk/pico/pico-sdk/src/rp2_common/hardware_irq/irq.c.obj
 .text.irq_is_enabled
                0x100006a8       0x18 CMakeFiles/temp_read.dir/C_/VSARM/sdk/pico/pico-sdk/src/rp2_common/hardware_irq/irq.c.obj
                0x100006a8                irq_is_enabled
 .text.irq_set_mask_enabled
                0x100006c0       0x20 CMakeFiles/temp_read.dir/C_/VSARM/sdk/pico/pico-sdk/src/rp2_common/hardware_irq/irq.c.obj
                0x100006c0                irq_set_mask_enabled
 .text.irq_set_enabled
                0x100006e0        0xe CMakeFiles/temp_read.dir/C_/VSARM/sdk/pico/pico-sdk/src/rp2_common/hardware_irq/irq.c.obj
                0x100006e0                irq_set_enabled
 *fill*         0x100006ee        0x2 
 .text.irq_set_pending
                0x100006f0       0x10 CMakeFiles/temp_read.dir/C_/VSARM/sdk/pico/pico-sdk/src/rp2_common/hardware_irq/irq.c.obj
                0x100006f0                irq_set_pending
 .text.irq_get_vtable_handler
                0x10000700       0x10 CMakeFiles/temp_read.dir/C_/VSARM/sdk/pico/pico-sdk/src/rp2_common/hardware_irq/irq.c.obj
                0x10000700                irq_get_vtable_handler
 .text.irq_has_shared_handler
                0x10000710       0x24 CMakeFiles/temp_read.dir/C_/VSARM/sdk/pico/pico-sdk/src/rp2_common/hardware_irq/irq.c.obj
                0x10000710                irq_has_shared_handler
 .text.irq_set_exclusive_handler
                0x10000734       0x54 CMakeFiles/temp_read.dir/C_/VSARM/sdk/pico/pico-sdk/src/rp2_common/hardware_irq/irq.c.obj
                0x10000734                irq_set_exclusive_handler
 .text.irq_add_shared_handler
                0x10000788      0x234 CMakeFiles/temp_read.dir/C_/VSARM/sdk/pico/pico-sdk/src/rp2_common/hardware_irq/irq.c.obj
                0x10000788                irq_add_shared_handler
 .text.irq_remove_handler
                0x100009bc      0x1ac CMakeFiles/temp_read.dir/C_/VSARM/sdk/pico/pico-sdk/src/rp2_common/hardware_irq/irq.c.obj
                0x100009bc                irq_remove_handler
 .text.irq_add_tail_to_free_list
                0x10000b68       0xf0 CMakeFiles/temp_read.dir/C_/VSARM/sdk/pico/pico-sdk/src/rp2_common/hardware_irq/irq.c.obj
                0x10000b68                irq_add_tail_to_free_list
 .text.irq_init_priorities
                0x10000c58       0x1c CMakeFiles/temp_read.dir/C_/VSARM/sdk/pico/pico-sdk/src/rp2_common/hardware_irq/irq.c.obj
                0x10000c58                irq_init_priorities
 .text.user_irq_claim_unused
                0x10000c74       0x28 CMakeFiles/temp_read.dir/C_/VSARM/sdk/pico/pico-sdk/src/rp2_common/hardware_irq/irq.c.obj
                0x10000c74                user_irq_claim_unused
 .text.lock_init
                0x10000c9c       0x10 CMakeFiles/temp_read.dir/C_/VSARM/sdk/pico/pico-sdk/src/common/pico_sync/lock_core.c.obj
                0x10000c9c                lock_init
 .text.mutex_init
                0x10000cac       0x1a CMakeFiles/temp_read.dir/C_/VSARM/sdk/pico/pico-sdk/src/common/pico_sync/mutex.c.obj
                0x10000cac                mutex_init
 .text.recursive_mutex_init
                0x10000cc6       0x1e CMakeFiles/temp_read.dir/C_/VSARM/sdk/pico/pico-sdk/src/common/pico_sync/mutex.c.obj
                0x10000cc6                recursive_mutex_init
 .text.critical_section_init_with_lock_num
                0x10000ce4       0x14 CMakeFiles/temp_read.dir/C_/VSARM/sdk/pico/pico-sdk/src/common/pico_sync/critical_section.c.obj
                0x10000ce4                critical_section_init_with_lock_num
 .text.critical_section_init
                0x10000cf8       0x14 CMakeFiles/temp_read.dir/C_/VSARM/sdk/pico/pico-sdk/src/common/pico_sync/critical_section.c.obj
                0x10000cf8                critical_section_init
 .text.repeating_timer_callback
                0x10000d0c       0x40 CMakeFiles/temp_read.dir/C_/VSARM/sdk/pico/pico-sdk/src/common/pico_time/time.c.obj
 .text.alarm_pool_post_alloc_init
                0x10000d4c       0x40 CMakeFiles/temp_read.dir/C_/VSARM/sdk/pico/pico-sdk/src/common/pico_time/time.c.obj
 .text.sleep_until_callback
                0x10000d8c       0x30 CMakeFiles/temp_read.dir/C_/VSARM/sdk/pico/pico-sdk/src/common/pico_time/time.c.obj
 .text.timer_pool_entry_comparator
                0x10000dbc       0x7c CMakeFiles/temp_read.dir/C_/VSARM/sdk/pico/pico-sdk/src/common/pico_time/time.c.obj
                0x10000dbc                timer_pool_entry_comparator
 .text.ph_add_child_node
                0x10000e38       0xa4 CMakeFiles/temp_read.dir/C_/VSARM/sdk/pico/pico-sdk/src/common/pico_time/time.c.obj
 .text.ph_merge_nodes
                0x10000edc       0x3e CMakeFiles/temp_read.dir/C_/VSARM/sdk/pico/pico-sdk/src/common/pico_time/time.c.obj
 *fill*         0x10000f1a        0x2 
 .text.add_alarm_under_lock
                0x10000f1c      0x174 CMakeFiles/temp_read.dir/C_/VSARM/sdk/pico/pico-sdk/src/common/pico_time/time.c.obj
 .text.alarm_pool_alarm_callback
                0x10001090      0x33c CMakeFiles/temp_read.dir/C_/VSARM/sdk/pico/pico-sdk/src/common/pico_time/time.c.obj
 .text.alarm_pool_init_default
                0x100013cc       0x40 CMakeFiles/temp_read.dir/C_/VSARM/sdk/pico/pico-sdk/src/common/pico_time/time.c.obj
                0x100013cc                alarm_pool_init_default
 .text.alarm_pool_get_default
                0x1000140c       0x2c CMakeFiles/temp_read.dir/C_/VSARM/sdk/pico/pico-sdk/src/common/pico_time/time.c.obj
                0x1000140c                alarm_pool_get_default
 .text.alarm_pool_add_alarm_at
                0x10001438      0x168 CMakeFiles/temp_read.dir/C_/VSARM/sdk/pico/pico-sdk/src/common/pico_time/time.c.obj
                0x10001438                alarm_pool_add_alarm_at
 .text.alarm_pool_cancel_alarm
                0x100015a0       0xf8 CMakeFiles/temp_read.dir/C_/VSARM/sdk/pico/pico-sdk/src/common/pico_time/time.c.obj
                0x100015a0                alarm_pool_cancel_alarm
 .text.alarm_pool_core_num
                0x10001698        0x4 CMakeFiles/temp_read.dir/C_/VSARM/sdk/pico/pico-sdk/src/common/pico_time/time.c.obj
                0x10001698                alarm_pool_core_num
 .text.alarm_pool_add_repeating_timer_us
                0x1000169c       0x98 CMakeFiles/temp_read.dir/C_/VSARM/sdk/pico/pico-sdk/src/common/pico_time/time.c.obj
                0x1000169c                alarm_pool_add_repeating_timer_us
 .text.cancel_repeating_timer
                0x10001734       0x1a CMakeFiles/temp_read.dir/C_/VSARM/sdk/pico/pico-sdk/src/common/pico_time/time.c.obj
                0x10001734                cancel_repeating_timer
 *fill*         0x1000174e        0x2 
 .text.sleep_until
                0x10001750       0xfc CMakeFiles/temp_read.dir/C_/VSARM/sdk/pico/pico-sdk/src/common/pico_time/time.c.obj
                0x10001750                sleep_until
 .text.sleep_us
                0x1000184c       0x58 CMakeFiles/temp_read.dir/C_/VSARM/sdk/pico/pico-sdk/src/common/pico_time/time.c.obj
                0x1000184c                sleep_us
 .text.sleep_ms
                0x100018a4       0x14 CMakeFiles/temp_read.dir/C_/VSARM/sdk/pico/pico-sdk/src/common/pico_time/time.c.obj
                0x100018a4                sleep_ms
 .text.best_effort_wfe_or_timeout
                0x100018b8       0xac CMakeFiles/temp_read.dir/C_/VSARM/sdk/pico/pico-sdk/src/common/pico_time/time.c.obj
                0x100018b8                best_effort_wfe_or_timeout
 .text.hardware_alarm_irq_handler
                0x10001964       0x90 CMakeFiles/temp_read.dir/C_/VSARM/sdk/pico/pico-sdk/src/rp2_common/hardware_timer/timer.c.obj
 .text.hardware_alarm_claim
                0x100019f4       0x18 CMakeFiles/temp_read.dir/C_/VSARM/sdk/pico/pico-sdk/src/rp2_common/hardware_timer/timer.c.obj
                0x100019f4                hardware_alarm_claim
 .text.time_us_64
                0x10001a0c       0x18 CMakeFiles/temp_read.dir/C_/VSARM/sdk/pico/pico-sdk/src/rp2_common/hardware_timer/timer.c.obj
                0x10001a0c                time_us_64
 .text.busy_wait_until
                0x10001a24       0x28 CMakeFiles/temp_read.dir/C_/VSARM/sdk/pico/pico-sdk/src/rp2_common/hardware_timer/timer.c.obj
                0x10001a24                busy_wait_until
 .text.busy_wait_us
                0x10001a4c       0x48 CMakeFiles/temp_read.dir/C_/VSARM/sdk/pico/pico-sdk/src/rp2_common/hardware_timer/timer.c.obj
                0x10001a4c                busy_wait_us
 .text.hardware_alarm_set_callback
                0x10001a94       0x90 CMakeFiles/temp_read.dir/C_/VSARM/sdk/pico/pico-sdk/src/rp2_common/hardware_timer/timer.c.obj
                0x10001a94                hardware_alarm_set_callback
 .text.hardware_alarm_set_target
                0x10001b24       0xe8 CMakeFiles/temp_read.dir/C_/VSARM/sdk/pico/pico-sdk/src/rp2_common/hardware_timer/timer.c.obj
                0x10001b24                hardware_alarm_set_target
 .text.hardware_alarm_cancel
                0x10001c0c       0x40 CMakeFiles/temp_read.dir/C_/VSARM/sdk/pico/pico-sdk/src/rp2_common/hardware_timer/timer.c.obj
                0x10001c0c                hardware_alarm_cancel
 .text.ph_add_child_node
                0x10001c4c       0xa4 CMakeFiles/temp_read.dir/C_/VSARM/sdk/pico/pico-sdk/src/common/pico_util/pheap.c.obj
 .text.ph_merge_nodes
                0x10001cf0       0x3e CMakeFiles/temp_read.dir/C_/VSARM/sdk/pico/pico-sdk/src/common/pico_util/pheap.c.obj
 *fill*         0x10001d2e        0x2 
 .text.ph_clear
                0x10001d30       0x70 CMakeFiles/temp_read.dir/C_/VSARM/sdk/pico/pico-sdk/src/common/pico_util/pheap.c.obj
                0x10001d30                ph_clear
 .text.ph_post_alloc_init
                0x10001da0        0xe CMakeFiles/temp_read.dir/C_/VSARM/sdk/pico/pico-sdk/src/common/pico_util/pheap.c.obj
                0x10001da0                ph_post_alloc_init
 *fill*         0x10001dae        0x2 
 .text.ph_merge_two_pass
                0x10001db0       0xa8 CMakeFiles/temp_read.dir/C_/VSARM/sdk/pico/pico-sdk/src/common/pico_util/pheap.c.obj
                0x10001db0                ph_merge_two_pass
 .text.ph_remove_any_head
                0x10001e58      0x128 CMakeFiles/temp_read.dir/C_/VSARM/sdk/pico/pico-sdk/src/common/pico_util/pheap.c.obj
 .text.ph_remove_head
                0x10001f80       0x14 CMakeFiles/temp_read.dir/C_/VSARM/sdk/pico/pico-sdk/src/common/pico_util/pheap.c.obj
                0x10001f80                ph_remove_head
 .text.ph_remove_and_free_node
                0x10001f94       0xf8 CMakeFiles/temp_read.dir/C_/VSARM/sdk/pico/pico-sdk/src/common/pico_util/pheap.c.obj
                0x10001f94                ph_remove_and_free_node
 .text.clock_configure
                0x1000208c      0x108 CMakeFiles/temp_read.dir/C_/VSARM/sdk/pico/pico-sdk/src/rp2_common/hardware_clocks/clocks.c.obj
                0x1000208c                clock_configure
 .text.clocks_init
                0x10002194      0x100 CMakeFiles/temp_read.dir/C_/VSARM/sdk/pico/pico-sdk/src/rp2_common/hardware_clocks/clocks.c.obj
                0x10002194                clocks_init
 .text.pll_init
                0x10002294      0x120 CMakeFiles/temp_read.dir/C_/VSARM/sdk/pico/pico-sdk/src/rp2_common/hardware_pll/pll.c.obj
                0x10002294                pll_init
 .text.watchdog_start_tick
                0x100023b4       0x10 CMakeFiles/temp_read.dir/C_/VSARM/sdk/pico/pico-sdk/src/rp2_common/hardware_watchdog/watchdog.c.obj
                0x100023b4                watchdog_start_tick
 .text.watchdog_update
                0x100023c4       0x14 CMakeFiles/temp_read.dir/C_/VSARM/sdk/pico/pico-sdk/src/rp2_common/hardware_watchdog/watchdog.c.obj
                0x100023c4                watchdog_update
 .text._watchdog_enable
                0x100023d8       0x78 CMakeFiles/temp_read.dir/C_/VSARM/sdk/pico/pico-sdk/src/rp2_common/hardware_watchdog/watchdog.c.obj
                0x100023d8                _watchdog_enable
 .text.watchdog_reboot
                0x10002450       0x48 CMakeFiles/temp_read.dir/C_/VSARM/sdk/pico/pico-sdk/src/rp2_common/hardware_watchdog/watchdog.c.obj
                0x10002450                watchdog_reboot
 .text.xosc_init
                0x10002498       0x28 CMakeFiles/temp_read.dir/C_/VSARM/sdk/pico/pico-sdk/src/rp2_common/hardware_xosc/xosc.c.obj
                0x10002498                xosc_init
 .text._exit    0x100024c0        0x4 CMakeFiles/temp_read.dir/C_/VSARM/sdk/pico/pico-sdk/src/rp2_common/pico_runtime/runtime.c.obj
                0x100024c0                _exit
 .text._sbrk    0x100024c4       0x38 CMakeFiles/temp_read.dir/C_/VSARM/sdk/pico/pico-sdk/src/rp2_common/pico_runtime/runtime.c.obj
                0x100024c4                _sbrk
 .text.exit     0x100024fc        0x6 CMakeFiles/temp_read.dir/C_/VSARM/sdk/pico/pico-sdk/src/rp2_common/pico_runtime/runtime.c.obj
                0x100024fc                exit
 *fill*         0x10002502        0x2 
 .text.__assert_func
                0x10002504       0x3c CMakeFiles/temp_read.dir/C_/VSARM/sdk/pico/pico-sdk/src/rp2_common/pico_runtime/runtime.c.obj
                0x10002504                __assert_func
 .text.runtime_init
                0x10002540       0xf8 CMakeFiles/temp_read.dir/C_/VSARM/sdk/pico/pico-sdk/src/rp2_common/pico_runtime/runtime.c.obj
                0x10002540                runtime_init
 .text.panic    0x10002638       0x30 CMakeFiles/temp_read.dir/C_/VSARM/sdk/pico/pico-sdk/src/rp2_common/pico_runtime/runtime.c.obj
                0x10002638                panic
 .text._out_buffer
                0x10002668        0x8 CMakeFiles/temp_read.dir/C_/VSARM/sdk/pico/pico-sdk/src/rp2_common/pico_printf/printf.c.obj
 .text._out_null
                0x10002670        0x2 CMakeFiles/temp_read.dir/C_/VSARM/sdk/pico/pico-sdk/src/rp2_common/pico_printf/printf.c.obj
 .text._out_fct
                0x10002672        0xe CMakeFiles/temp_read.dir/C_/VSARM/sdk/pico/pico-sdk/src/rp2_common/pico_printf/printf.c.obj
 .text._atoi    0x10002680       0x24 CMakeFiles/temp_read.dir/C_/VSARM/sdk/pico/pico-sdk/src/rp2_common/pico_printf/printf.c.obj
 .text._out_rev
                0x100026a4       0xae CMakeFiles/temp_read.dir/C_/VSARM/sdk/pico/pico-sdk/src/rp2_common/pico_printf/printf.c.obj
 .text._ntoa_format
                0x10002752      0x112 CMakeFiles/temp_read.dir/C_/VSARM/sdk/pico/pico-sdk/src/rp2_common/pico_printf/printf.c.obj
 .text._ntoa_long
                0x10002864       0xbc CMakeFiles/temp_read.dir/C_/VSARM/sdk/pico/pico-sdk/src/rp2_common/pico_printf/printf.c.obj
 .text._ntoa_long_long
                0x10002920       0xe2 CMakeFiles/temp_read.dir/C_/VSARM/sdk/pico/pico-sdk/src/rp2_common/pico_printf/printf.c.obj
 *fill*         0x10002a02        0x2 
 .text._etoa    0x10002a04      0x414 CMakeFiles/temp_read.dir/C_/VSARM/sdk/pico/pico-sdk/src/rp2_common/pico_printf/printf.c.obj
 .text._ftoa    0x10002e18      0x354 CMakeFiles/temp_read.dir/C_/VSARM/sdk/pico/pico-sdk/src/rp2_common/pico_printf/printf.c.obj
 .text._vsnprintf
                0x1000316c      0x624 CMakeFiles/temp_read.dir/C_/VSARM/sdk/pico/pico-sdk/src/rp2_common/pico_printf/printf.c.obj
 .text.__wrap_sprintf
                0x10003790       0x28 CMakeFiles/temp_read.dir/C_/VSARM/sdk/pico/pico-sdk/src/rp2_common/pico_printf/printf.c.obj
                0x10003790                __wrap_sprintf
 .text.vfctprintf
                0x100037b8       0x20 CMakeFiles/temp_read.dir/C_/VSARM/sdk/pico/pico-sdk/src/rp2_common/pico_printf/printf.c.obj
                0x100037b8                vfctprintf
 .text          0x100037d8       0x10 CMakeFiles/temp_read.dir/C_/VSARM/sdk/pico/pico-sdk/src/rp2_common/pico_bit_ops/bit_ops_aeabi.S.obj
 .text.rom_func_lookup
                0x100037e8       0x10 CMakeFiles/temp_read.dir/C_/VSARM/sdk/pico/pico-sdk/src/rp2_common/pico_bootrom/bootrom.c.obj
                0x100037e8                rom_func_lookup
 .text.rom_data_lookup
                0x100037f8       0x10 CMakeFiles/temp_read.dir/C_/VSARM/sdk/pico/pico-sdk/src/rp2_common/pico_bootrom/bootrom.c.obj
                0x100037f8                rom_data_lookup
 .text.rom_funcs_lookup
                0x10003808       0x36 CMakeFiles/temp_read.dir/C_/VSARM/sdk/pico/pico-sdk/src/rp2_common/pico_bootrom/bootrom.c.obj
                0x10003808                rom_funcs_lookup
 *fill*         0x1000383e        0x2 
 .text.__wrap___aeabi_idiv
                0x10003840       0x50 CMakeFiles/temp_read.dir/C_/VSARM/sdk/pico/pico-sdk/src/rp2_common/pico_divider/divider.S.obj
                0x10003840                __wrap___aeabi_idivmod
                0x10003840                divmod_s32s32
                0x10003840                div_s32s32
                0x10003840                __wrap___aeabi_idiv
                0x10003848                divmod_s32s32_unsafe
                0x10003874                divmod_s32s32_savestate
 .text.__wrap___aeabi_uidiv
                0x10003890       0x4c CMakeFiles/temp_read.dir/C_/VSARM/sdk/pico/pico-sdk/src/rp2_common/pico_divider/divider.S.obj
                0x10003890                __wrap___aeabi_uidiv
                0x10003890                __wrap___aeabi_uidivmod
                0x10003890                div_u32u32
                0x10003890                divmod_u32u32
                0x10003898                divmod_u32u32_unsafe
                0x100038c0                divmod_u32u32_savestate
 .text.__wrap___aeabi_ldiv
                0x100038dc      0x424 CMakeFiles/temp_read.dir/C_/VSARM/sdk/pico/pico-sdk/src/rp2_common/pico_divider/divider.S.obj
                0x100038dc                div_s64s64
                0x100038dc                divmod_s64s64
                0x100038dc                __wrap___aeabi_ldivmod
                0x1000390c                divmod_u64u64
                0x1000390c                div_u64u64
                0x1000390c                __wrap___aeabi_uldivmod
                0x1000391c                divmod_u64u64_savestate
                0x1000393c                divmod_s64s64_unsafe
                0x100039c4                divmod_u64u64_unsafe
 .text.__wrap___aeabi_darithmetic
                0x10003d00       0x80 CMakeFiles/temp_read.dir/C_/VSARM/sdk/pico/pico-sdk/src/rp2_common/pico_double/double_aeabi.S.obj
                0x10003d00                __wrap___aeabi_drsub
                0x10003d06                __wrap___aeabi_dsub
                0x10003d18                __wrap___aeabi_dadd
                0x10003d2a                __wrap___aeabi_ddiv
                0x10003d66                __wrap___aeabi_dmul
 .text.__wrap___aeabi_cdcmple
                0x10003d80       0x6c CMakeFiles/temp_read.dir/C_/VSARM/sdk/pico/pico-sdk/src/rp2_common/pico_double/double_aeabi.S.obj
                0x10003d80                __wrap___aeabi_cdrcmple
                0x10003d90                __wrap___aeabi_cdcmpeq
                0x10003d90                __wrap___aeabi_cdcmple
 .text.__wrap___aeabi_dcmpeq
                0x10003dec       0x10 CMakeFiles/temp_read.dir/C_/VSARM/sdk/pico/pico-sdk/src/rp2_common/pico_double/double_aeabi.S.obj
                0x10003dec                __wrap___aeabi_dcmpeq
 .text.__wrap___aeabi_dcmplt
                0x10003dfc        0xc CMakeFiles/temp_read.dir/C_/VSARM/sdk/pico/pico-sdk/src/rp2_common/pico_double/double_aeabi.S.obj
                0x10003dfc                __wrap___aeabi_dcmplt
 .text.__wrap___aeabi_dcmple
                0x10003e08       0x10 CMakeFiles/temp_read.dir/C_/VSARM/sdk/pico/pico-sdk/src/rp2_common/pico_double/double_aeabi.S.obj
                0x10003e08                __wrap___aeabi_dcmple
 .text.__wrap___aeabi_dcmpge
                0x10003e18       0x10 CMakeFiles/temp_read.dir/C_/VSARM/sdk/pico/pico-sdk/src/rp2_common/pico_double/double_aeabi.S.obj
                0x10003e18                __wrap___aeabi_dcmpge
 .text.__wrap___aeabi_dcmpgt
                0x10003e28        0xa CMakeFiles/temp_read.dir/C_/VSARM/sdk/pico/pico-sdk/src/rp2_common/pico_double/double_aeabi.S.obj
                0x10003e28                __wrap___aeabi_dcmpgt
 .text.__wrap___aeabi_dcmpun
                0x10003e32       0x1c CMakeFiles/temp_read.dir/C_/VSARM/sdk/pico/pico-sdk/src/rp2_common/pico_double/double_aeabi.S.obj
                0x10003e32                __wrap___aeabi_dcmpun
 *fill*         0x10003e4e        0x2 
 .text.__wrap___aeabi_i2d
                0x10003e50       0x38 CMakeFiles/temp_read.dir/C_/VSARM/sdk/pico/pico-sdk/src/rp2_common/pico_double/double_aeabi.S.obj
                0x10003e50                __wrap___aeabi_ui2d
                0x10003e58                __wrap___aeabi_i2d
 .text.__wrap___aeabi_d2iz
                0x10003e88       0x48 CMakeFiles/temp_read.dir/C_/VSARM/sdk/pico/pico-sdk/src/rp2_common/pico_double/double_aeabi.S.obj
                0x10003e88                double2int_z
                0x10003e88                __wrap___aeabi_d2iz
 .text.__wrap___aeabi_d2uiz
                0x10003ed0       0x18 CMakeFiles/temp_read.dir/C_/VSARM/sdk/pico/pico-sdk/src/rp2_common/pico_double/double_aeabi.S.obj
                0x10003ed0                __wrap___aeabi_d2uiz
                0x10003ed0                double2uint
 .text.__wrap___aeabi_l2d
                0x10003ee8       0x18 CMakeFiles/temp_read.dir/C_/VSARM/sdk/pico/pico-sdk/src/rp2_common/pico_double/double_aeabi.S.obj
                0x10003ee8                __wrap___aeabi_l2d
 .text.__wrap___aeabi_d2lz
                0x10003f00       0x26 CMakeFiles/temp_read.dir/C_/VSARM/sdk/pico/pico-sdk/src/rp2_common/pico_double/double_aeabi.S.obj
                0x10003f00                double2int64_z
                0x10003f00                __wrap___aeabi_d2lz
 *fill*         0x10003f26        0x2 
 .text.double2int64
                0x10003f28       0x18 CMakeFiles/temp_read.dir/C_/VSARM/sdk/pico/pico-sdk/src/rp2_common/pico_double/double_aeabi.S.obj
                0x10003f28                double2int64
 .text.double2ufix64
                0x10003f40       0x18 CMakeFiles/temp_read.dir/C_/VSARM/sdk/pico/pico-sdk/src/rp2_common/pico_double/double_aeabi.S.obj
                0x10003f40                double2ufix64
 .text.__wrap___aeabi_d2f
                0x10003f58       0x18 CMakeFiles/temp_read.dir/C_/VSARM/sdk/pico/pico-sdk/src/rp2_common/pico_double/double_aeabi.S.obj
                0x10003f58                __wrap___aeabi_d2f
 .text.__aeabi_double_init
                0x10003f70       0xc8 CMakeFiles/temp_read.dir/C_/VSARM/sdk/pico/pico-sdk/src/rp2_common/pico_double/double_init_rom.c.obj
                0x10003f70                __aeabi_double_init
 .text.double_table_shim_on_use_helper
                0x10004038       0x34 CMakeFiles/temp_read.dir/C_/VSARM/sdk/pico/pico-sdk/src/rp2_common/pico_double/double_v1_rom_shim.S.obj
                0x10004038                double_table_shim_on_use_helper
 .text.__wrap___aeabi_dsub
                0x1000406c       0x10 CMakeFiles/temp_read.dir/C_/VSARM/sdk/pico/pico-sdk/src/rp2_common/pico_double/double_v1_rom_shim.S.obj
                0x1000406c                drsub_shim
                0x10004072                dsub_shim
 .text.dadd_shim
                0x1000407c      0x15c CMakeFiles/temp_read.dir/C_/VSARM/sdk/pico/pico-sdk/src/rp2_common/pico_double/double_v1_rom_shim.S.obj
                0x1000407c                dadd_shim
 .text.dmul_shim
                0x100041d8      0x15c CMakeFiles/temp_read.dir/C_/VSARM/sdk/pico/pico-sdk/src/rp2_common/pico_double/double_v1_rom_shim.S.obj
                0x100041d8                dmul_shim
 .text.ddiv_shim
                0x10004334      0x1b0 CMakeFiles/temp_read.dir/C_/VSARM/sdk/pico/pico-sdk/src/rp2_common/pico_double/double_v1_rom_shim.S.obj
                0x10004334                ddiv_shim
 .text.double2uint_shim
                0x100044e4        0xe CMakeFiles/temp_read.dir/C_/VSARM/sdk/pico/pico-sdk/src/rp2_common/pico_double/double_v1_rom_shim.S.obj
                0x100044e4                double2uint_shim
                0x100044e6                double2ufix_shim
 .text.double2int64_shim
                0x100044f2       0x1a CMakeFiles/temp_read.dir/C_/VSARM/sdk/pico/pico-sdk/src/rp2_common/pico_double/double_v1_rom_shim.S.obj
                0x100044f2                double2int64_shim
                0x100044f4                double2fix64_shim
 .text.double2uint64_shim
                0x1000450c       0x70 CMakeFiles/temp_read.dir/C_/VSARM/sdk/pico/pico-sdk/src/rp2_common/pico_double/double_v1_rom_shim.S.obj
                0x1000450c                double2uint64_shim
                0x1000450e                double2ufix64_shim
                0x1000452e                d2fix_a
 .text.double2float_shim
                0x1000457c       0x5c CMakeFiles/temp_read.dir/C_/VSARM/sdk/pico/pico-sdk/src/rp2_common/pico_double/double_v1_rom_shim.S.obj
                0x1000457c                double2float_shim
 .text.x2double_shims
                0x100045d8       0x90 CMakeFiles/temp_read.dir/C_/VSARM/sdk/pico/pico-sdk/src/rp2_common/pico_double/double_v1_rom_shim.S.obj
                0x100045d8                uint2double_shim
                0x100045da                ufix2double_shim
                0x100045e0                int2double_shim
                0x100045e2                fix2double_shim
                0x100045e8                uint642double_shim
                0x100045ea                ufix642double_shim
                0x100045f0                int642double_shim
                0x100045f2                fix642double_shim
 .text.dunpacks
                0x10004668       0x3c CMakeFiles/temp_read.dir/C_/VSARM/sdk/pico/pico-sdk/src/rp2_common/pico_double/double_v1_rom_shim.S.obj
                0x10004668                dunpacks
 .text.__aeabi_lmul
                0x100046a4       0x32 CMakeFiles/temp_read.dir/C_/VSARM/sdk/pico/pico-sdk/src/rp2_common/pico_int64_ops/pico_int64_ops_aeabi.S.obj
                0x100046a4                __wrap___aeabi_lmul
 *fill*         0x100046d6        0x2 
 .text.__wrap___aeabi_farithmetic
                0x100046d8       0x58 CMakeFiles/temp_read.dir/C_/VSARM/sdk/pico/pico-sdk/src/rp2_common/pico_float/float_aeabi.S.obj
                0x100046d8                __wrap___aeabi_frsub
                0x100046de                __wrap___aeabi_fsub
                0x100046e8                __wrap___aeabi_fadd
                0x100046f2                __wrap___aeabi_fdiv
                0x1000471e                __wrap___aeabi_fmul
 .text.__wrap___aeabi_ui2f
                0x10004730        0xa CMakeFiles/temp_read.dir/C_/VSARM/sdk/pico/pico-sdk/src/rp2_common/pico_float/float_aeabi.S.obj
                0x10004730                __wrap___aeabi_ui2f
 *fill*         0x1000473a        0x2 
 .text.__wrap___aeabi_i2f
                0x1000473c       0x44 CMakeFiles/temp_read.dir/C_/VSARM/sdk/pico/pico-sdk/src/rp2_common/pico_float/float_aeabi.S.obj
                0x1000473c                __wrap___aeabi_i2f
 .text.__wrap___aeabi_f2d
                0x10004780       0x14 CMakeFiles/temp_read.dir/C_/VSARM/sdk/pico/pico-sdk/src/rp2_common/pico_float/float_aeabi.S.obj
                0x10004780                __wrap___aeabi_f2d
 .text.__aeabi_float_init
                0x10004794       0xfc CMakeFiles/temp_read.dir/C_/VSARM/sdk/pico/pico-sdk/src/rp2_common/pico_float/float_init_rom.c.obj
                0x10004794                __aeabi_float_init
 .text.float_table_shim_on_use_helper
                0x10004890       0x34 CMakeFiles/temp_read.dir/C_/VSARM/sdk/pico/pico-sdk/src/rp2_common/pico_float/float_v1_rom_shim.S.obj
                0x10004890                float_table_shim_on_use_helper
 .text.float2double_shim
                0x100048c4       0x30 CMakeFiles/temp_read.dir/C_/VSARM/sdk/pico/pico-sdk/src/rp2_common/pico_float/float_v1_rom_shim.S.obj
                0x100048c4                float2double_shim
 .text.__wrap_malloc
                0x100048f4       0x24 CMakeFiles/temp_read.dir/C_/VSARM/sdk/pico/pico-sdk/src/rp2_common/pico_malloc/pico_malloc.c.obj
                0x100048f4                __wrap_malloc
 .text.__wrap_realloc
                0x10004918       0x24 CMakeFiles/temp_read.dir/C_/VSARM/sdk/pico/pico-sdk/src/rp2_common/pico_malloc/pico_malloc.c.obj
                0x10004918                __wrap_realloc
 .text.__wrap_free
                0x1000493c        0x8 CMakeFiles/temp_read.dir/C_/VSARM/sdk/pico/pico-sdk/src/rp2_common/pico_malloc/pico_malloc.c.obj
                0x1000493c                __wrap_free
 .text          0x10004944       0x10 CMakeFiles/temp_read.dir/C_/VSARM/sdk/pico/pico-sdk/src/rp2_common/pico_mem_ops/mem_ops_aeabi.S.obj
                0x10004944                __aeabi_mem_init
 .text.memset   0x10004954        0xc CMakeFiles/temp_read.dir/C_/VSARM/sdk/pico/pico-sdk/src/rp2_common/pico_mem_ops/mem_ops_aeabi.S.obj
                0x10004954                __wrap_memset
 .text.memcpy   0x10004960        0xc CMakeFiles/temp_read.dir/C_/VSARM/sdk/pico/pico-sdk/src/rp2_common/pico_mem_ops/mem_ops_aeabi.S.obj
                0x10004960                __wrap_memcpy
                0x10004960                __wrap___aeabi_memcpy
 .text.stdio_out_chars_no_crlf
                0x1000496c        0xe CMakeFiles/temp_read.dir/C_/VSARM/sdk/pico/pico-sdk/src/rp2_common/pico_stdio/stdio.c.obj
 *fill*         0x1000497a        0x2 
 .text.stdio_out_chars_crlf
                0x1000497c       0x80 CMakeFiles/temp_read.dir/C_/VSARM/sdk/pico/pico-sdk/src/rp2_common/pico_stdio/stdio.c.obj
 .text.stdio_stack_buffer_flush
                0x100049fc       0x44 CMakeFiles/temp_read.dir/C_/VSARM/sdk/pico/pico-sdk/src/rp2_common/pico_stdio/stdio.c.obj
 .text.stdio_buffered_printer
                0x10004a40       0x20 CMakeFiles/temp_read.dir/C_/VSARM/sdk/pico/pico-sdk/src/rp2_common/pico_stdio/stdio.c.obj
 .text.stdio_get_until
                0x10004a60       0x80 CMakeFiles/temp_read.dir/C_/VSARM/sdk/pico/pico-sdk/src/rp2_common/pico_stdio/stdio.c.obj
 .text.stdout_serialize_begin
                0x10004ae0       0x5c CMakeFiles/temp_read.dir/C_/VSARM/sdk/pico/pico-sdk/src/rp2_common/pico_stdio/stdio.c.obj
                0x10004ae0                stdout_serialize_begin
 .text.stdout_serialize_end
                0x10004b3c       0x10 CMakeFiles/temp_read.dir/C_/VSARM/sdk/pico/pico-sdk/src/rp2_common/pico_stdio/stdio.c.obj
                0x10004b3c                stdout_serialize_end
 .text.stdio_put_string
                0x10004b4c       0x98 CMakeFiles/temp_read.dir/C_/VSARM/sdk/pico/pico-sdk/src/rp2_common/pico_stdio/stdio.c.obj
 .text._read    0x10004be4       0x24 CMakeFiles/temp_read.dir/C_/VSARM/sdk/pico/pico-sdk/src/rp2_common/pico_stdio/stdio.c.obj
                0x10004be4                _read
 .text._write   0x10004c08       0x22 CMakeFiles/temp_read.dir/C_/VSARM/sdk/pico/pico-sdk/src/rp2_common/pico_stdio/stdio.c.obj
                0x10004c08                _write
 .text._close   0x10004c2a        0x6 CMakeFiles/temp_read.dir/C_/VSARM/sdk/pico/pico-sdk/src/rp2_common/pico_stdio/stdio.c.obj
                0x10004c2a                _close
 .text._lseek   0x10004c30        0x6 CMakeFiles/temp_read.dir/C_/VSARM/sdk/pico/pico-sdk/src/rp2_common/pico_stdio/stdio.c.obj
                0x10004c30                _lseek
 .text._fstat   0x10004c36        0x6 CMakeFiles/temp_read.dir/C_/VSARM/sdk/pico/pico-sdk/src/rp2_common/pico_stdio/stdio.c.obj
                0x10004c36                _fstat
 .text._isatty  0x10004c3c        0xc CMakeFiles/temp_read.dir/C_/VSARM/sdk/pico/pico-sdk/src/rp2_common/pico_stdio/stdio.c.obj
                0x10004c3c                _isatty
 .text.stdio_set_driver_enabled
                0x10004c48       0x2c CMakeFiles/temp_read.dir/C_/VSARM/sdk/pico/pico-sdk/src/rp2_common/pico_stdio/stdio.c.obj
                0x10004c48                stdio_set_driver_enabled
 .text.stdio_flush
                0x10004c74       0x20 CMakeFiles/temp_read.dir/C_/VSARM/sdk/pico/pico-sdk/src/rp2_common/pico_stdio/stdio.c.obj
                0x10004c74                stdio_flush
 .text.__wrap_puts
                0x10004c94       0x1e CMakeFiles/temp_read.dir/C_/VSARM/sdk/pico/pico-sdk/src/rp2_common/pico_stdio/stdio.c.obj
                0x10004c94                __wrap_puts
 *fill*         0x10004cb2        0x2 
 .text.__wrap_vprintf
                0x10004cb4       0x40 CMakeFiles/temp_read.dir/C_/VSARM/sdk/pico/pico-sdk/src/rp2_common/pico_stdio/stdio.c.obj
                0x10004cb4                __wrap_vprintf
 .text.__wrap_printf
                0x10004cf4       0x18 CMakeFiles/temp_read.dir/C_/VSARM/sdk/pico/pico-sdk/src/rp2_common/pico_stdio/stdio.c.obj
                0x10004cf4                __wrap_printf
 .text.stdio_init_all
                0x10004d0c        0x8 CMakeFiles/temp_read.dir/C_/VSARM/sdk/pico/pico-sdk/src/rp2_common/pico_stdio/stdio.c.obj
                0x10004d0c                stdio_init_all
 .text.resetd_init
                0x10004d14        0x2 CMakeFiles/temp_read.dir/C_/VSARM/sdk/pico/pico-sdk/src/rp2_common/pico_stdio_usb/reset_interface.c.obj
 *fill*         0x10004d16        0x2 
 .text.resetd_reset
                0x10004d18        0xc CMakeFiles/temp_read.dir/C_/VSARM/sdk/pico/pico-sdk/src/rp2_common/pico_stdio_usb/reset_interface.c.obj
 .text.resetd_open
                0x10004d24       0x34 CMakeFiles/temp_read.dir/C_/VSARM/sdk/pico/pico-sdk/src/rp2_common/pico_stdio_usb/reset_interface.c.obj
 .text.resetd_xfer_cb
                0x10004d58        0x4 CMakeFiles/temp_read.dir/C_/VSARM/sdk/pico/pico-sdk/src/rp2_common/pico_stdio_usb/reset_interface.c.obj
 .text.reset_usb_boot
                0x10004d5c       0x18 CMakeFiles/temp_read.dir/C_/VSARM/sdk/pico/pico-sdk/src/rp2_common/pico_stdio_usb/reset_interface.c.obj
 .text.resetd_control_xfer_cb
                0x10004d74       0x5c CMakeFiles/temp_read.dir/C_/VSARM/sdk/pico/pico-sdk/src/rp2_common/pico_stdio_usb/reset_interface.c.obj
 .text.usbd_app_driver_get_cb
                0x10004dd0        0xc CMakeFiles/temp_read.dir/C_/VSARM/sdk/pico/pico-sdk/src/rp2_common/pico_stdio_usb/reset_interface.c.obj
                0x10004dd0                usbd_app_driver_get_cb
 .text.tud_cdc_line_coding_cb
                0x10004ddc       0x28 CMakeFiles/temp_read.dir/C_/VSARM/sdk/pico/pico-sdk/src/rp2_common/pico_stdio_usb/reset_interface.c.obj
                0x10004ddc                tud_cdc_line_coding_cb
 .text.stdio_usb_set_chars_available_callback
                0x10004e04       0x14 CMakeFiles/temp_read.dir/C_/VSARM/sdk/pico/pico-sdk/src/rp2_common/pico_stdio_usb/stdio_usb.c.obj
                0x10004e04                stdio_usb_set_chars_available_callback
 .text.usb_irq  0x10004e18       0x10 CMakeFiles/temp_read.dir/C_/VSARM/sdk/pico/pico-sdk/src/rp2_common/pico_stdio_usb/stdio_usb.c.obj
 .text.timer_task
                0x10004e28       0x5c CMakeFiles/temp_read.dir/C_/VSARM/sdk/pico/pico-sdk/src/rp2_common/pico_stdio_usb/stdio_usb.c.obj
 .text.low_priority_worker_irq
                0x10004e84       0xdc CMakeFiles/temp_read.dir/C_/VSARM/sdk/pico/pico-sdk/src/rp2_common/pico_stdio_usb/stdio_usb.c.obj
 .text.tud_cdc_rx_cb
                0x10004f60       0x20 CMakeFiles/temp_read.dir/C_/VSARM/sdk/pico/pico-sdk/src/rp2_common/pico_stdio_usb/stdio_usb.c.obj
                0x10004f60                tud_cdc_rx_cb
 .text.stdio_usb_init
                0x10004f80      0x11c CMakeFiles/temp_read.dir/C_/VSARM/sdk/pico/pico-sdk/src/rp2_common/pico_stdio_usb/stdio_usb.c.obj
                0x10004f80                stdio_usb_init
 .text.stdio_usb_connected
                0x1000509c        0xa CMakeFiles/temp_read.dir/C_/VSARM/sdk/pico/pico-sdk/src/rp2_common/pico_stdio_usb/stdio_usb.c.obj
                0x1000509c                stdio_usb_connected
 *fill*         0x100050a6        0x2 
 .text.stdio_usb_in_chars
                0x100050a8       0xc4 CMakeFiles/temp_read.dir/C_/VSARM/sdk/pico/pico-sdk/src/rp2_common/pico_stdio_usb/stdio_usb.c.obj
                0x100050a8                stdio_usb_in_chars
 .text.stdio_usb_out_chars
                0x1000516c      0x114 CMakeFiles/temp_read.dir/C_/VSARM/sdk/pico/pico-sdk/src/rp2_common/pico_stdio_usb/stdio_usb.c.obj
 .text.tud_descriptor_device_cb
                0x10005280        0x8 CMakeFiles/temp_read.dir/C_/VSARM/sdk/pico/pico-sdk/src/rp2_common/pico_stdio_usb/stdio_usb_descriptors.c.obj
                0x10005280                tud_descriptor_device_cb
 .text.tud_descriptor_configuration_cb
                0x10005288        0x8 CMakeFiles/temp_read.dir/C_/VSARM/sdk/pico/pico-sdk/src/rp2_common/pico_stdio_usb/stdio_usb_descriptors.c.obj
                0x10005288                tud_descriptor_configuration_cb
 .text.tud_descriptor_string_cb
                0x10005290       0x6c CMakeFiles/temp_read.dir/C_/VSARM/sdk/pico/pico-sdk/src/rp2_common/pico_stdio_usb/stdio_usb_descriptors.c.obj
                0x10005290                tud_descriptor_string_cb
 .text._retrieve_unique_id_on_boot
                0x100052fc       0x10 CMakeFiles/temp_read.dir/C_/VSARM/sdk/pico/pico-sdk/src/rp2_common/pico_unique_id/unique_id.c.obj
 .text.pico_get_unique_board_id_string
                0x1000530c       0x60 CMakeFiles/temp_read.dir/C_/VSARM/sdk/pico/pico-sdk/src/rp2_common/pico_unique_id/unique_id.c.obj
                0x1000530c                pico_get_unique_board_id_string
 .text.flash_get_unique_id
                0x1000536c       0x46 CMakeFiles/temp_read.dir/C_/VSARM/sdk/pico/pico-sdk/src/rp2_common/hardware_flash/flash.c.obj
                0x1000536c                flash_get_unique_id
 *fill*         0x100053b2        0x2 
 .text.hw_endpoint_get_by_addr
                0x100053b4       0x18 CMakeFiles/temp_read.dir/C_/VSARM/sdk/pico/pico-sdk/lib/tinyusb/src/portable/raspberrypi/rp2040/dcd_rp2040.c.obj
 .text._hw_endpoint_alloc
                0x100053cc       0x70 CMakeFiles/temp_read.dir/C_/VSARM/sdk/pico/pico-sdk/lib/tinyusb/src/portable/raspberrypi/rp2040/dcd_rp2040.c.obj
 .text.hw_endpoint_init
                0x1000543c       0x88 CMakeFiles/temp_read.dir/C_/VSARM/sdk/pico/pico-sdk/lib/tinyusb/src/portable/raspberrypi/rp2040/dcd_rp2040.c.obj
 .text.hw_endpoint_xfer
                0x100054c4       0x14 CMakeFiles/temp_read.dir/C_/VSARM/sdk/pico/pico-sdk/lib/tinyusb/src/portable/raspberrypi/rp2040/dcd_rp2040.c.obj
 .text.dcd_int_enable
                0x100054d8       0x2c CMakeFiles/temp_read.dir/C_/VSARM/sdk/pico/pico-sdk/lib/tinyusb/src/portable/raspberrypi/rp2040/dcd_rp2040.c.obj
                0x100054d8                dcd_int_enable
 .text.dcd_set_address
                0x10005504       0x2c CMakeFiles/temp_read.dir/C_/VSARM/sdk/pico/pico-sdk/lib/tinyusb/src/portable/raspberrypi/rp2040/dcd_rp2040.c.obj
                0x10005504                dcd_set_address
 .text.dcd_connect
                0x10005530       0x10 CMakeFiles/temp_read.dir/C_/VSARM/sdk/pico/pico-sdk/lib/tinyusb/src/portable/raspberrypi/rp2040/dcd_rp2040.c.obj
                0x10005530                dcd_connect
 .text.dcd_init
                0x10005540       0x80 CMakeFiles/temp_read.dir/C_/VSARM/sdk/pico/pico-sdk/lib/tinyusb/src/portable/raspberrypi/rp2040/dcd_rp2040.c.obj
                0x10005540                dcd_init
 .text.dcd_edpt0_status_complete
                0x100055c0       0x1c CMakeFiles/temp_read.dir/C_/VSARM/sdk/pico/pico-sdk/lib/tinyusb/src/portable/raspberrypi/rp2040/dcd_rp2040.c.obj
                0x100055c0                dcd_edpt0_status_complete
 .text.dcd_edpt_open
                0x100055dc       0x40 CMakeFiles/temp_read.dir/C_/VSARM/sdk/pico/pico-sdk/lib/tinyusb/src/portable/raspberrypi/rp2040/dcd_rp2040.c.obj
                0x100055dc                dcd_edpt_open
 .text.dcd_edpt_close_all
                0x1000561c        0x8 CMakeFiles/temp_read.dir/C_/VSARM/sdk/pico/pico-sdk/lib/tinyusb/src/portable/raspberrypi/rp2040/dcd_rp2040.c.obj
                0x1000561c                dcd_edpt_close_all
 .text.dcd_edpt_xfer
                0x10005624       0x34 CMakeFiles/temp_read.dir/C_/VSARM/sdk/pico/pico-sdk/lib/tinyusb/src/portable/raspberrypi/rp2040/dcd_rp2040.c.obj
                0x10005624                dcd_edpt_xfer
 .text.dcd_edpt_stall
                0x10005658       0x2c CMakeFiles/temp_read.dir/C_/VSARM/sdk/pico/pico-sdk/lib/tinyusb/src/portable/raspberrypi/rp2040/dcd_rp2040.c.obj
                0x10005658                dcd_edpt_stall
 .text.dcd_edpt_clear_stall
                0x10005684       0x20 CMakeFiles/temp_read.dir/C_/VSARM/sdk/pico/pico-sdk/lib/tinyusb/src/portable/raspberrypi/rp2040/dcd_rp2040.c.obj
                0x10005684                dcd_edpt_clear_stall
 .text.rp2040_usb_init
                0x100056a4       0x4c CMakeFiles/temp_read.dir/C_/VSARM/sdk/pico/pico-sdk/lib/tinyusb/src/portable/raspberrypi/rp2040/rp2040_usb.c.obj
                0x100056a4                rp2040_usb_init
 .text.hw_endpoint_xfer_start
                0x100056f0       0x50 CMakeFiles/temp_read.dir/C_/VSARM/sdk/pico/pico-sdk/lib/tinyusb/src/portable/raspberrypi/rp2040/rp2040_usb.c.obj
                0x100056f0                hw_endpoint_xfer_start
 .text.configuration_reset
                0x10005740       0x84 CMakeFiles/temp_read.dir/C_/VSARM/sdk/pico/pico-sdk/lib/tinyusb/src/device/usbd.c.obj
 .text.usbd_reset
                0x100057c4        0xc CMakeFiles/temp_read.dir/C_/VSARM/sdk/pico/pico-sdk/lib/tinyusb/src/device/usbd.c.obj
 .text.invoke_class_control
                0x100057d0       0x1a CMakeFiles/temp_read.dir/C_/VSARM/sdk/pico/pico-sdk/lib/tinyusb/src/device/usbd.c.obj
 *fill*         0x100057ea        0x2 
 .text.process_set_config
                0x100057ec      0x178 CMakeFiles/temp_read.dir/C_/VSARM/sdk/pico/pico-sdk/lib/tinyusb/src/device/usbd.c.obj
 .text.process_get_descriptor
                0x10005964       0xdc CMakeFiles/temp_read.dir/C_/VSARM/sdk/pico/pico-sdk/lib/tinyusb/src/device/usbd.c.obj
 .text.tud_mounted
                0x10005a40       0x10 CMakeFiles/temp_read.dir/C_/VSARM/sdk/pico/pico-sdk/lib/tinyusb/src/device/usbd.c.obj
                0x10005a40                tud_mounted
 .text.tud_suspended
                0x10005a50       0x10 CMakeFiles/temp_read.dir/C_/VSARM/sdk/pico/pico-sdk/lib/tinyusb/src/device/usbd.c.obj
                0x10005a50                tud_suspended
 .text.tud_inited
                0x10005a60       0x14 CMakeFiles/temp_read.dir/C_/VSARM/sdk/pico/pico-sdk/lib/tinyusb/src/device/usbd.c.obj
                0x10005a60                tud_inited
 .text.tud_init
                0x10005a74       0xcc CMakeFiles/temp_read.dir/C_/VSARM/sdk/pico/pico-sdk/lib/tinyusb/src/device/usbd.c.obj
                0x10005a74                tud_init
 .text.usbd_defer_func
                0x10005b40       0x2a CMakeFiles/temp_read.dir/C_/VSARM/sdk/pico/pico-sdk/lib/tinyusb/src/device/usbd.c.obj
                0x10005b40                usbd_defer_func
 *fill*         0x10005b6a        0x2 
 .text.usbd_edpt_open
                0x10005b6c       0x34 CMakeFiles/temp_read.dir/C_/VSARM/sdk/pico/pico-sdk/lib/tinyusb/src/device/usbd.c.obj
                0x10005b6c                usbd_edpt_open
 .text.usbd_open_edpt_pair
                0x10005ba0       0x62 CMakeFiles/temp_read.dir/C_/VSARM/sdk/pico/pico-sdk/lib/tinyusb/src/device/usbd.c.obj
                0x10005ba0                usbd_open_edpt_pair
 *fill*         0x10005c02        0x2 
 .text.usbd_edpt_claim
                0x10005c04       0x28 CMakeFiles/temp_read.dir/C_/VSARM/sdk/pico/pico-sdk/lib/tinyusb/src/device/usbd.c.obj
                0x10005c04                usbd_edpt_claim
 .text.usbd_edpt_release
                0x10005c2c       0x28 CMakeFiles/temp_read.dir/C_/VSARM/sdk/pico/pico-sdk/lib/tinyusb/src/device/usbd.c.obj
                0x10005c2c                usbd_edpt_release
 .text.usbd_edpt_xfer
                0x10005c54       0x78 CMakeFiles/temp_read.dir/C_/VSARM/sdk/pico/pico-sdk/lib/tinyusb/src/device/usbd.c.obj
                0x10005c54                usbd_edpt_xfer
 .text.usbd_edpt_stall
                0x10005ccc       0x48 CMakeFiles/temp_read.dir/C_/VSARM/sdk/pico/pico-sdk/lib/tinyusb/src/device/usbd.c.obj
                0x10005ccc                usbd_edpt_stall
 .text.usbd_edpt_clear_stall
                0x10005d14       0x48 CMakeFiles/temp_read.dir/C_/VSARM/sdk/pico/pico-sdk/lib/tinyusb/src/device/usbd.c.obj
                0x10005d14                usbd_edpt_clear_stall
 .text.usbd_edpt_stalled
                0x10005d5c       0x1c CMakeFiles/temp_read.dir/C_/VSARM/sdk/pico/pico-sdk/lib/tinyusb/src/device/usbd.c.obj
                0x10005d5c                usbd_edpt_stalled
 .text.process_control_request
                0x10005d78      0x37c CMakeFiles/temp_read.dir/C_/VSARM/sdk/pico/pico-sdk/lib/tinyusb/src/device/usbd.c.obj
 .text.tud_task_ext
                0x100060f4      0x1b8 CMakeFiles/temp_read.dir/C_/VSARM/sdk/pico/pico-sdk/lib/tinyusb/src/device/usbd.c.obj
                0x100060f4                tud_task_ext
 .text._data_stage_xact
                0x100062ac       0x58 CMakeFiles/temp_read.dir/C_/VSARM/sdk/pico/pico-sdk/lib/tinyusb/src/device/usbd_control.c.obj
 .text.tud_control_status
                0x10006304       0x38 CMakeFiles/temp_read.dir/C_/VSARM/sdk/pico/pico-sdk/lib/tinyusb/src/device/usbd_control.c.obj
                0x10006304                tud_control_status
 .text.tud_control_xfer
                0x1000633c       0x74 CMakeFiles/temp_read.dir/C_/VSARM/sdk/pico/pico-sdk/lib/tinyusb/src/device/usbd_control.c.obj
                0x1000633c                tud_control_xfer
 .text.usbd_control_reset
                0x100063b0       0x14 CMakeFiles/temp_read.dir/C_/VSARM/sdk/pico/pico-sdk/lib/tinyusb/src/device/usbd_control.c.obj
                0x100063b0                usbd_control_reset
 .text.usbd_control_set_complete_callback
                0x100063c4        0xc CMakeFiles/temp_read.dir/C_/VSARM/sdk/pico/pico-sdk/lib/tinyusb/src/device/usbd_control.c.obj
                0x100063c4                usbd_control_set_complete_callback
 .text.usbd_control_set_request
                0x100063d0       0x1c CMakeFiles/temp_read.dir/C_/VSARM/sdk/pico/pico-sdk/lib/tinyusb/src/device/usbd_control.c.obj
                0x100063d0                usbd_control_set_request
 .text.usbd_control_xfer_cb
                0x100063ec       0xcc CMakeFiles/temp_read.dir/C_/VSARM/sdk/pico/pico-sdk/lib/tinyusb/src/device/usbd_control.c.obj
                0x100063ec                usbd_control_xfer_cb
 .text._prep_out_transaction
                0x100064b8       0x4a CMakeFiles/temp_read.dir/C_/VSARM/sdk/pico/pico-sdk/lib/tinyusb/src/class/cdc/cdc_device.c.obj
 *fill*         0x10006502        0x2 
 .text.tud_cdc_n_connected
                0x10006504       0x44 CMakeFiles/temp_read.dir/C_/VSARM/sdk/pico/pico-sdk/lib/tinyusb/src/class/cdc/cdc_device.c.obj
                0x10006504                tud_cdc_n_connected
 .text.tud_cdc_n_available
                0x10006548       0x18 CMakeFiles/temp_read.dir/C_/VSARM/sdk/pico/pico-sdk/lib/tinyusb/src/class/cdc/cdc_device.c.obj
                0x10006548                tud_cdc_n_available
 .text.tud_cdc_n_read
                0x10006560       0x28 CMakeFiles/temp_read.dir/C_/VSARM/sdk/pico/pico-sdk/lib/tinyusb/src/class/cdc/cdc_device.c.obj
                0x10006560                tud_cdc_n_read
 .text.tud_cdc_n_write_flush
                0x10006588       0xb8 CMakeFiles/temp_read.dir/C_/VSARM/sdk/pico/pico-sdk/lib/tinyusb/src/class/cdc/cdc_device.c.obj
                0x10006588                tud_cdc_n_write_flush
 .text.tud_cdc_n_write
                0x10006640       0x38 CMakeFiles/temp_read.dir/C_/VSARM/sdk/pico/pico-sdk/lib/tinyusb/src/class/cdc/cdc_device.c.obj
                0x10006640                tud_cdc_n_write
 .text.tud_cdc_n_write_available
                0x10006678       0x1c CMakeFiles/temp_read.dir/C_/VSARM/sdk/pico/pico-sdk/lib/tinyusb/src/class/cdc/cdc_device.c.obj
                0x10006678                tud_cdc_n_write_available
 .text.cdcd_init
                0x10006694       0xbc CMakeFiles/temp_read.dir/C_/VSARM/sdk/pico/pico-sdk/lib/tinyusb/src/class/cdc/cdc_device.c.obj
                0x10006694                cdcd_init
 .text.cdcd_reset
                0x10006750       0x44 CMakeFiles/temp_read.dir/C_/VSARM/sdk/pico/pico-sdk/lib/tinyusb/src/class/cdc/cdc_device.c.obj
                0x10006750                cdcd_reset
 .text.cdcd_open
                0x10006794       0xcc CMakeFiles/temp_read.dir/C_/VSARM/sdk/pico/pico-sdk/lib/tinyusb/src/class/cdc/cdc_device.c.obj
                0x10006794                cdcd_open
 .text.cdcd_control_xfer_cb
                0x10006860      0x134 CMakeFiles/temp_read.dir/C_/VSARM/sdk/pico/pico-sdk/lib/tinyusb/src/class/cdc/cdc_device.c.obj
                0x10006860                cdcd_control_xfer_cb
 .text.cdcd_xfer_cb
                0x10006994      0x130 CMakeFiles/temp_read.dir/C_/VSARM/sdk/pico/pico-sdk/lib/tinyusb/src/class/cdc/cdc_device.c.obj
                0x10006994                cdcd_xfer_cb
 .text.tusb_init
                0x10006ac4        0xa CMakeFiles/temp_read.dir/C_/VSARM/sdk/pico/pico-sdk/lib/tinyusb/src/tusb.c.obj
                0x10006ac4                tusb_init
 .text.tusb_inited
                0x10006ace        0xe CMakeFiles/temp_read.dir/C_/VSARM/sdk/pico/pico-sdk/lib/tinyusb/src/tusb.c.obj
                0x10006ace                tusb_inited
 .text.tu_edpt_claim
                0x10006adc       0x50 CMakeFiles/temp_read.dir/C_/VSARM/sdk/pico/pico-sdk/lib/tinyusb/src/tusb.c.obj
                0x10006adc                tu_edpt_claim
 .text.tu_edpt_release
                0x10006b2c       0x3c CMakeFiles/temp_read.dir/C_/VSARM/sdk/pico/pico-sdk/lib/tinyusb/src/tusb.c.obj
                0x10006b2c                tu_edpt_release
 .text.tu_edpt_validate
                0x10006b68       0x78 CMakeFiles/temp_read.dir/C_/VSARM/sdk/pico/pico-sdk/lib/tinyusb/src/tusb.c.obj
                0x10006b68                tu_edpt_validate
 .text.tu_edpt_bind_driver
                0x10006be0       0x26 CMakeFiles/temp_read.dir/C_/VSARM/sdk/pico/pico-sdk/lib/tinyusb/src/tusb.c.obj
                0x10006be0                tu_edpt_bind_driver
 .text.advance_index
                0x10006c06       0x1a CMakeFiles/temp_read.dir/C_/VSARM/sdk/pico/pico-sdk/lib/tinyusb/src/common/tusb_fifo.c.obj
 .text._tu_fifo_peek
                0x10006c20       0x56 CMakeFiles/temp_read.dir/C_/VSARM/sdk/pico/pico-sdk/lib/tinyusb/src/common/tusb_fifo.c.obj
 .text._ff_pull_const_addr
                0x10006c76       0x4c CMakeFiles/temp_read.dir/C_/VSARM/sdk/pico/pico-sdk/lib/tinyusb/src/common/tusb_fifo.c.obj
 .text._ff_pull_n
                0x10006cc2      0x110 CMakeFiles/temp_read.dir/C_/VSARM/sdk/pico/pico-sdk/lib/tinyusb/src/common/tusb_fifo.c.obj
 .text._tu_fifo_peek_n
                0x10006dd2       0x6a CMakeFiles/temp_read.dir/C_/VSARM/sdk/pico/pico-sdk/lib/tinyusb/src/common/tusb_fifo.c.obj
 .text._tu_fifo_read_n
                0x10006e3c       0x4e CMakeFiles/temp_read.dir/C_/VSARM/sdk/pico/pico-sdk/lib/tinyusb/src/common/tusb_fifo.c.obj
 .text._ff_push_const_addr
                0x10006e8a       0x40 CMakeFiles/temp_read.dir/C_/VSARM/sdk/pico/pico-sdk/lib/tinyusb/src/common/tusb_fifo.c.obj
 .text._ff_push_n
                0x10006eca      0x10c CMakeFiles/temp_read.dir/C_/VSARM/sdk/pico/pico-sdk/lib/tinyusb/src/common/tusb_fifo.c.obj
 .text._tu_fifo_write_n
                0x10006fd6       0xf0 CMakeFiles/temp_read.dir/C_/VSARM/sdk/pico/pico-sdk/lib/tinyusb/src/common/tusb_fifo.c.obj
 .text.tu_fifo_config
                0x100070c6       0x7c CMakeFiles/temp_read.dir/C_/VSARM/sdk/pico/pico-sdk/lib/tinyusb/src/common/tusb_fifo.c.obj
                0x100070c6                tu_fifo_config
 .text.tu_fifo_count
                0x10007142       0x2a CMakeFiles/temp_read.dir/C_/VSARM/sdk/pico/pico-sdk/lib/tinyusb/src/common/tusb_fifo.c.obj
                0x10007142                tu_fifo_count
 .text.tu_fifo_empty
                0x1000716c       0x10 CMakeFiles/temp_read.dir/C_/VSARM/sdk/pico/pico-sdk/lib/tinyusb/src/common/tusb_fifo.c.obj
                0x1000716c                tu_fifo_empty
 .text.tu_fifo_full
                0x1000717c       0x28 CMakeFiles/temp_read.dir/C_/VSARM/sdk/pico/pico-sdk/lib/tinyusb/src/common/tusb_fifo.c.obj
                0x1000717c                tu_fifo_full
 .text.tu_fifo_remaining
                0x100071a4       0x2c CMakeFiles/temp_read.dir/C_/VSARM/sdk/pico/pico-sdk/lib/tinyusb/src/common/tusb_fifo.c.obj
                0x100071a4                tu_fifo_remaining
 .text.tu_fifo_read
                0x100071d0       0x42 CMakeFiles/temp_read.dir/C_/VSARM/sdk/pico/pico-sdk/lib/tinyusb/src/common/tusb_fifo.c.obj
                0x100071d0                tu_fifo_read
 .text.tu_fifo_read_n
                0x10007212        0xa CMakeFiles/temp_read.dir/C_/VSARM/sdk/pico/pico-sdk/lib/tinyusb/src/common/tusb_fifo.c.obj
                0x10007212                tu_fifo_read_n
 .text.tu_fifo_write
                0x1000721c       0x64 CMakeFiles/temp_read.dir/C_/VSARM/sdk/pico/pico-sdk/lib/tinyusb/src/common/tusb_fifo.c.obj
                0x1000721c                tu_fifo_write
 .text.tu_fifo_write_n
                0x10007280        0xa CMakeFiles/temp_read.dir/C_/VSARM/sdk/pico/pico-sdk/lib/tinyusb/src/common/tusb_fifo.c.obj
                0x10007280                tu_fifo_write_n
 .text.tu_fifo_clear
                0x1000728a       0x3e CMakeFiles/temp_read.dir/C_/VSARM/sdk/pico/pico-sdk/lib/tinyusb/src/common/tusb_fifo.c.obj
                0x1000728a                tu_fifo_clear
 .text.tu_fifo_set_overwritable
                0x100072c8       0x46 CMakeFiles/temp_read.dir/C_/VSARM/sdk/pico/pico-sdk/lib/tinyusb/src/common/tusb_fifo.c.obj
                0x100072c8                tu_fifo_set_overwritable
 *fill*         0x1000730e        0x2 
 .text.adc_init
                0x10007310       0x34 CMakeFiles/temp_read.dir/C_/VSARM/sdk/pico/pico-sdk/src/rp2_common/hardware_adc/adc.c.obj
                0x10007310                adc_init
 .text._calloc_r
                0x10007344       0x9c c:/vsarm/armcc/102021~1.10/bin/../lib/gcc/arm-none-eabi/10.3.1/../../../../arm-none-eabi/lib/thumb/v6-m/nofp\libg.a(lib_a-callocr.o)
                0x10007344                _calloc_r
 .text.__errno  0x100073e0        0xc c:/vsarm/armcc/102021~1.10/bin/../lib/gcc/arm-none-eabi/10.3.1/../../../../arm-none-eabi/lib/thumb/v6-m/nofp\libg.a(lib_a-errno.o)
                0x100073e0                __errno
 .text.malloc   0x100073ec       0x14 c:/vsarm/armcc/102021~1.10/bin/../lib/gcc/arm-none-eabi/10.3.1/../../../../arm-none-eabi/lib/thumb/v6-m/nofp\libg.a(lib_a-malloc.o)
                0x100073ec                malloc
 .text.free     0x10007400       0x14 c:/vsarm/armcc/102021~1.10/bin/../lib/gcc/arm-none-eabi/10.3.1/../../../../arm-none-eabi/lib/thumb/v6-m/nofp\libg.a(lib_a-malloc.o)
                0x10007400                free
 .text._malloc_r
                0x10007414      0x584 c:/vsarm/armcc/102021~1.10/bin/../lib/gcc/arm-none-eabi/10.3.1/../../../../arm-none-eabi/lib/thumb/v6-m/nofp\libg.a(lib_a-mallocr.o)
                0x10007414                _malloc_r
 .text.__malloc_lock
                0x10007998       0x10 c:/vsarm/armcc/102021~1.10/bin/../lib/gcc/arm-none-eabi/10.3.1/../../../../arm-none-eabi/lib/thumb/v6-m/nofp\libg.a(lib_a-mlock.o)
                0x10007998                __malloc_lock
 .text.__malloc_unlock
                0x100079a8       0x10 c:/vsarm/armcc/102021~1.10/bin/../lib/gcc/arm-none-eabi/10.3.1/../../../../arm-none-eabi/lib/thumb/v6-m/nofp\libg.a(lib_a-mlock.o)
                0x100079a8                __malloc_unlock
 .text.realloc  0x100079b8       0x18 c:/vsarm/armcc/102021~1.10/bin/../lib/gcc/arm-none-eabi/10.3.1/../../../../arm-none-eabi/lib/thumb/v6-m/nofp\libg.a(lib_a-realloc.o)
                0x100079b8                realloc
 .text._realloc_r
                0x100079d0      0x354 c:/vsarm/armcc/102021~1.10/bin/../lib/gcc/arm-none-eabi/10.3.1/../../../../arm-none-eabi/lib/thumb/v6-m/nofp\libg.a(lib_a-reallocr.o)
                0x100079d0                _realloc_r
 .text._sbrk_r  0x10007d24       0x24 c:/vsarm/armcc/102021~1.10/bin/../lib/gcc/arm-none-eabi/10.3.1/../../../../arm-none-eabi/lib/thumb/v6-m/nofp\libg.a(lib_a-sbrkr.o)
                0x10007d24                _sbrk_r
 .text.scanf    0x10007d48       0x24 c:/vsarm/armcc/102021~1.10/bin/../lib/gcc/arm-none-eabi/10.3.1/../../../../arm-none-eabi/lib/thumb/v6-m/nofp\libg.a(lib_a-scanf.o)
                0x10007d48                scanf
 .text.strlen   0x10007d6c       0x5c c:/vsarm/armcc/102021~1.10/bin/../lib/gcc/arm-none-eabi/10.3.1/../../../../arm-none-eabi/lib/thumb/v6-m/nofp\libg.a(lib_a-strlen-stub.o)
                0x10007d6c                strlen
 .text.__svfscanf_r
                0x10007dc8     0x17d8 c:/vsarm/armcc/102021~1.10/bin/../lib/gcc/arm-none-eabi/10.3.1/../../../../arm-none-eabi/lib/thumb/v6-m/nofp\libg.a(lib_a-vfscanf.o)
                0x10007dc8                __svfscanf_r
 .text._vfscanf_r
                0x100095a0       0x28 c:/vsarm/armcc/102021~1.10/bin/../lib/gcc/arm-none-eabi/10.3.1/../../../../arm-none-eabi/lib/thumb/v6-m/nofp\libg.a(lib_a-vfscanf.o)
                0x100095a0                _vfscanf_r
 .text._cleanup_r
                0x100095c8       0x10 c:/vsarm/armcc/102021~1.10/bin/../lib/gcc/arm-none-eabi/10.3.1/../../../../arm-none-eabi/lib/thumb/v6-m/nofp\libg.a(lib_a-findfp.o)
                0x100095c8                _cleanup_r
 .text.__sinit  0x100095d8      0x120 c:/vsarm/armcc/102021~1.10/bin/../lib/gcc/arm-none-eabi/10.3.1/../../../../arm-none-eabi/lib/thumb/v6-m/nofp\libg.a(lib_a-findfp.o)
                0x100095d8                __sinit
 .text.__sfp_lock_acquire
                0x100096f8       0x10 c:/vsarm/armcc/102021~1.10/bin/../lib/gcc/arm-none-eabi/10.3.1/../../../../arm-none-eabi/lib/thumb/v6-m/nofp\libg.a(lib_a-findfp.o)
                0x100096f8                __sfp_lock_acquire
 .text.__sfp_lock_release
                0x10009708       0x10 c:/vsarm/armcc/102021~1.10/bin/../lib/gcc/arm-none-eabi/10.3.1/../../../../arm-none-eabi/lib/thumb/v6-m/nofp\libg.a(lib_a-findfp.o)
                0x10009708                __sfp_lock_release
 .text._fread_r
                0x10009718      0x1bc c:/vsarm/armcc/102021~1.10/bin/../lib/gcc/arm-none-eabi/10.3.1/../../../../arm-none-eabi/lib/thumb/v6-m/nofp\libg.a(lib_a-fread.o)
                0x10009718                _fread_r
 .text._malloc_trim_r
                0x100098d4       0x9c c:/vsarm/armcc/102021~1.10/bin/../lib/gcc/arm-none-eabi/10.3.1/../../../../arm-none-eabi/lib/thumb/v6-m/nofp\libg.a(lib_a-freer.o)
                0x100098d4                _malloc_trim_r
 .text._free_r  0x10009970      0x1c4 c:/vsarm/armcc/102021~1.10/bin/../lib/gcc/arm-none-eabi/10.3.1/../../../../arm-none-eabi/lib/thumb/v6-m/nofp\libg.a(lib_a-freer.o)
                0x10009970                _free_r
 .text._fwalk   0x10009b34       0x40 c:/vsarm/armcc/102021~1.10/bin/../lib/gcc/arm-none-eabi/10.3.1/../../../../arm-none-eabi/lib/thumb/v6-m/nofp\libg.a(lib_a-fwalk.o)
                0x10009b34                _fwalk
 .text._fwalk_reent
                0x10009b74       0x48 c:/vsarm/armcc/102021~1.10/bin/../lib/gcc/arm-none-eabi/10.3.1/../../../../arm-none-eabi/lib/thumb/v6-m/nofp\libg.a(lib_a-fwalk.o)
                0x10009b74                _fwalk_reent
 .text.iswspace
                0x10009bbc        0xc c:/vsarm/armcc/102021~1.10/bin/../lib/gcc/arm-none-eabi/10.3.1/../../../../arm-none-eabi/lib/thumb/v6-m/nofp\libg.a(lib_a-iswspace.o)
                0x10009bbc                iswspace
 .text.iswspace_l
                0x10009bc8       0x18 c:/vsarm/armcc/102021~1.10/bin/../lib/gcc/arm-none-eabi/10.3.1/../../../../arm-none-eabi/lib/thumb/v6-m/nofp\libg.a(lib_a-iswspace_l.o)
                0x10009bc8                iswspace_l
 .text.__locale_mb_cur_max
                0x10009be0       0x10 c:/vsarm/armcc/102021~1.10/bin/../lib/gcc/arm-none-eabi/10.3.1/../../../../arm-none-eabi/lib/thumb/v6-m/nofp\libg.a(lib_a-locale.o)
                0x10009be0                __locale_mb_cur_max
 .text._localeconv_r
                0x10009bf0        0x8 c:/vsarm/armcc/102021~1.10/bin/../lib/gcc/arm-none-eabi/10.3.1/../../../../arm-none-eabi/lib/thumb/v6-m/nofp\libg.a(lib_a-localeconv.o)
                0x10009bf0                _localeconv_r
 .text.__retarget_lock_init_recursive
                0x10009bf8        0x4 c:/vsarm/armcc/102021~1.10/bin/../lib/gcc/arm-none-eabi/10.3.1/../../../../arm-none-eabi/lib/thumb/v6-m/nofp\libg.a(lib_a-lock.o)
                0x10009bf8                __retarget_lock_init_recursive
 .text.__retarget_lock_close_recursive
                0x10009bfc        0x4 c:/vsarm/armcc/102021~1.10/bin/../lib/gcc/arm-none-eabi/10.3.1/../../../../arm-none-eabi/lib/thumb/v6-m/nofp\libg.a(lib_a-lock.o)
                0x10009bfc                __retarget_lock_close_recursive
 .text.__retarget_lock_acquire_recursive
                0x10009c00        0x4 c:/vsarm/armcc/102021~1.10/bin/../lib/gcc/arm-none-eabi/10.3.1/../../../../arm-none-eabi/lib/thumb/v6-m/nofp\libg.a(lib_a-lock.o)
                0x10009c00                __retarget_lock_acquire_recursive
 .text.__retarget_lock_release_recursive
                0x10009c04        0x4 c:/vsarm/armcc/102021~1.10/bin/../lib/gcc/arm-none-eabi/10.3.1/../../../../arm-none-eabi/lib/thumb/v6-m/nofp\libg.a(lib_a-lock.o)
                0x10009c04                __retarget_lock_release_recursive
 .text._mbrtowc_r
                0x10009c08       0x4c c:/vsarm/armcc/102021~1.10/bin/../lib/gcc/arm-none-eabi/10.3.1/../../../../arm-none-eabi/lib/thumb/v6-m/nofp\libg.a(lib_a-mbrtowc.o)
                0x10009c08                _mbrtowc_r
 .text.__ascii_mbtowc
                0x10009c54       0x2c c:/vsarm/armcc/102021~1.10/bin/../lib/gcc/arm-none-eabi/10.3.1/../../../../arm-none-eabi/lib/thumb/v6-m/nofp\libg.a(lib_a-mbtowc_r.o)
                0x10009c54                __ascii_mbtowc
 .text.memmove  0x10009c80       0xac c:/vsarm/armcc/102021~1.10/bin/../lib/gcc/arm-none-eabi/10.3.1/../../../../arm-none-eabi/lib/thumb/v6-m/nofp\libg.a(lib_a-memmove.o)
                0x10009c80                memmove
 .text.lflush   0x10009d2c       0x1c c:/vsarm/armcc/102021~1.10/bin/../lib/gcc/arm-none-eabi/10.3.1/../../../../arm-none-eabi/lib/thumb/v6-m/nofp\libg.a(lib_a-refill.o)
 .text.__srefill_r
                0x10009d48      0x124 c:/vsarm/armcc/102021~1.10/bin/../lib/gcc/arm-none-eabi/10.3.1/../../../../arm-none-eabi/lib/thumb/v6-m/nofp\libg.a(lib_a-refill.o)
                0x10009d48                __srefill_r
 .text.__sccl   0x10009e6c       0x80 c:/vsarm/armcc/102021~1.10/bin/../lib/gcc/arm-none-eabi/10.3.1/../../../../arm-none-eabi/lib/thumb/v6-m/nofp\libg.a(lib_a-sccl.o)
                0x10009e6c                __sccl
 .text.nanf     0x10009eec        0x8 c:/vsarm/armcc/102021~1.10/bin/../lib/gcc/arm-none-eabi/10.3.1/../../../../arm-none-eabi/lib/thumb/v6-m/nofp\libg.a(lib_a-sf_nan.o)
                0x10009eec                nanf
 .text.__sread  0x10009ef4       0x28 c:/vsarm/armcc/102021~1.10/bin/../lib/gcc/arm-none-eabi/10.3.1/../../../../arm-none-eabi/lib/thumb/v6-m/nofp\libg.a(lib_a-stdio.o)
                0x10009ef4                __sread
 .text.__swrite
                0x10009f1c       0x40 c:/vsarm/armcc/102021~1.10/bin/../lib/gcc/arm-none-eabi/10.3.1/../../../../arm-none-eabi/lib/thumb/v6-m/nofp\libg.a(lib_a-stdio.o)
                0x10009f1c                __swrite
 .text.__sseek  0x10009f5c       0x2c c:/vsarm/armcc/102021~1.10/bin/../lib/gcc/arm-none-eabi/10.3.1/../../../../arm-none-eabi/lib/thumb/v6-m/nofp\libg.a(lib_a-stdio.o)
                0x10009f5c                __sseek
 .text.__sclose
                0x10009f88        0xc c:/vsarm/armcc/102021~1.10/bin/../lib/gcc/arm-none-eabi/10.3.1/../../../../arm-none-eabi/lib/thumb/v6-m/nofp\libg.a(lib_a-stdio.o)
                0x10009f88                __sclose
 .text._strtod_l
                0x10009f94      0xf78 c:/vsarm/armcc/102021~1.10/bin/../lib/gcc/arm-none-eabi/10.3.1/../../../../arm-none-eabi/lib/thumb/v6-m/nofp\libg.a(lib_a-strtod.o)
                0x10009f94                _strtod_l
 .text._strtod_r
                0x1000af0c       0x10 c:/vsarm/armcc/102021~1.10/bin/../lib/gcc/arm-none-eabi/10.3.1/../../../../arm-none-eabi/lib/thumb/v6-m/nofp\libg.a(lib_a-strtod.o)
                0x1000af0c                _strtod_r
 .text._strtol_l.part.0
                0x1000af1c      0x144 c:/vsarm/armcc/102021~1.10/bin/../lib/gcc/arm-none-eabi/10.3.1/../../../../arm-none-eabi/lib/thumb/v6-m/nofp\libg.a(lib_a-strtol.o)
 .text._strtol_r
                0x1000b060       0x1c c:/vsarm/armcc/102021~1.10/bin/../lib/gcc/arm-none-eabi/10.3.1/../../../../arm-none-eabi/lib/thumb/v6-m/nofp\libg.a(lib_a-strtol.o)
                0x1000b060                _strtol_r
 .text._strtoll_l.constprop.0
                0x1000b07c      0x198 c:/vsarm/armcc/102021~1.10/bin/../lib/gcc/arm-none-eabi/10.3.1/../../../../arm-none-eabi/lib/thumb/v6-m/nofp\libg.a(lib_a-strtoll.o)
 .text._strtoll_r
                0x1000b214        0x8 c:/vsarm/armcc/102021~1.10/bin/../lib/gcc/arm-none-eabi/10.3.1/../../../../arm-none-eabi/lib/thumb/v6-m/nofp\libg.a(lib_a-strtoll.o)
                0x1000b214                _strtoll_r
 .text._strtoul_l.constprop.0
                0x1000b21c      0x148 c:/vsarm/armcc/102021~1.10/bin/../lib/gcc/arm-none-eabi/10.3.1/../../../../arm-none-eabi/lib/thumb/v6-m/nofp\libg.a(lib_a-strtoul.o)
 .text._strtoul_r
                0x1000b364        0x8 c:/vsarm/armcc/102021~1.10/bin/../lib/gcc/arm-none-eabi/10.3.1/../../../../arm-none-eabi/lib/thumb/v6-m/nofp\libg.a(lib_a-strtoul.o)
                0x1000b364                _strtoul_r
 .text._strtoull_l.constprop.0
                0x1000b36c      0x1bc c:/vsarm/armcc/102021~1.10/bin/../lib/gcc/arm-none-eabi/10.3.1/../../../../arm-none-eabi/lib/thumb/v6-m/nofp\libg.a(lib_a-strtoull.o)
 .text._strtoull_r
                0x1000b528        0x8 c:/vsarm/armcc/102021~1.10/bin/../lib/gcc/arm-none-eabi/10.3.1/../../../../arm-none-eabi/lib/thumb/v6-m/nofp\libg.a(lib_a-strtoull.o)
                0x1000b528                _strtoull_r
 .text.__submore
                0x1000b530       0x84 c:/vsarm/armcc/102021~1.10/bin/../lib/gcc/arm-none-eabi/10.3.1/../../../../arm-none-eabi/lib/thumb/v6-m/nofp\libg.a(lib_a-ungetc.o)
                0x1000b530                __submore
 .text._ungetc_r
                0x1000b5b4      0x138 c:/vsarm/armcc/102021~1.10/bin/../lib/gcc/arm-none-eabi/10.3.1/../../../../arm-none-eabi/lib/thumb/v6-m/nofp\libg.a(lib_a-ungetc.o)
                0x1000b5b4                _ungetc_r
 .text.__ascii_wctomb
                0x1000b6ec       0x1c c:/vsarm/armcc/102021~1.10/bin/../lib/gcc/arm-none-eabi/10.3.1/../../../../arm-none-eabi/lib/thumb/v6-m/nofp\libg.a(lib_a-wctomb_r.o)
                0x1000b6ec                __ascii_wctomb
 .text._write_r
                0x1000b708       0x28 c:/vsarm/armcc/102021~1.10/bin/../lib/gcc/arm-none-eabi/10.3.1/../../../../arm-none-eabi/lib/thumb/v6-m/nofp\libg.a(lib_a-writer.o)
                0x1000b708                _write_r
 .text._close_r
                0x1000b730       0x24 c:/vsarm/armcc/102021~1.10/bin/../lib/gcc/arm-none-eabi/10.3.1/../../../../arm-none-eabi/lib/thumb/v6-m/nofp\libg.a(lib_a-closer.o)
                0x1000b730                _close_r
 .text._fclose_r
                0x1000b754       0xdc c:/vsarm/armcc/102021~1.10/bin/../lib/gcc/arm-none-eabi/10.3.1/../../../../arm-none-eabi/lib/thumb/v6-m/nofp\libg.a(lib_a-fclose.o)
                0x1000b754                _fclose_r
 .text.__sflush_r
                0x1000b830      0x140 c:/vsarm/armcc/102021~1.10/bin/../lib/gcc/arm-none-eabi/10.3.1/../../../../arm-none-eabi/lib/thumb/v6-m/nofp\libg.a(lib_a-fflush.o)
                0x1000b830                __sflush_r
 .text._fflush_r
                0x1000b970       0x6c c:/vsarm/armcc/102021~1.10/bin/../lib/gcc/arm-none-eabi/10.3.1/../../../../arm-none-eabi/lib/thumb/v6-m/nofp\libg.a(lib_a-fflush.o)
                0x1000b970                _fflush_r
 .text.fflush   0x1000b9dc       0x78 c:/vsarm/armcc/102021~1.10/bin/../lib/gcc/arm-none-eabi/10.3.1/../../../../arm-none-eabi/lib/thumb/v6-m/nofp\libg.a(lib_a-fflush.o)
                0x1000b9dc                fflush
 .text.rshift   0x1000ba54       0xa4 c:/vsarm/armcc/102021~1.10/bin/../lib/gcc/arm-none-eabi/10.3.1/../../../../arm-none-eabi/lib/thumb/v6-m/nofp\libg.a(lib_a-gdtoa-gethex.o)
 .text.__gethex
                0x1000baf8      0x5cc c:/vsarm/armcc/102021~1.10/bin/../lib/gcc/arm-none-eabi/10.3.1/../../../../arm-none-eabi/lib/thumb/v6-m/nofp\libg.a(lib_a-gdtoa-gethex.o)
                0x1000baf8                __gethex
 .text.__match  0x1000c0c4       0x2c c:/vsarm/armcc/102021~1.10/bin/../lib/gcc/arm-none-eabi/10.3.1/../../../../arm-none-eabi/lib/thumb/v6-m/nofp\libg.a(lib_a-gdtoa-hexnan.o)
                0x1000c0c4                __match
 .text.__hexnan
                0x1000c0f0      0x1d0 c:/vsarm/armcc/102021~1.10/bin/../lib/gcc/arm-none-eabi/10.3.1/../../../../arm-none-eabi/lib/thumb/v6-m/nofp\libg.a(lib_a-gdtoa-hexnan.o)
                0x1000c0f0                __hexnan
 .text._lseek_r
                0x1000c2c0       0x28 c:/vsarm/armcc/102021~1.10/bin/../lib/gcc/arm-none-eabi/10.3.1/../../../../arm-none-eabi/lib/thumb/v6-m/nofp\libg.a(lib_a-lseekr.o)
                0x1000c2c0                _lseek_r
 .text.__smakebuf_r
                0x1000c2e8       0xe4 c:/vsarm/armcc/102021~1.10/bin/../lib/gcc/arm-none-eabi/10.3.1/../../../../arm-none-eabi/lib/thumb/v6-m/nofp\libg.a(lib_a-makebuf.o)
                0x1000c2e8                __smakebuf_r
 .text._Balloc  0x1000c3cc       0x50 c:/vsarm/armcc/102021~1.10/bin/../lib/gcc/arm-none-eabi/10.3.1/../../../../arm-none-eabi/lib/thumb/v6-m/nofp\libg.a(lib_a-mprec.o)
                0x1000c3cc                _Balloc
 .text._Bfree   0x1000c41c       0x14 c:/vsarm/armcc/102021~1.10/bin/../lib/gcc/arm-none-eabi/10.3.1/../../../../arm-none-eabi/lib/thumb/v6-m/nofp\libg.a(lib_a-mprec.o)
                0x1000c41c                _Bfree
 .text.__multadd
                0x1000c430       0xa8 c:/vsarm/armcc/102021~1.10/bin/../lib/gcc/arm-none-eabi/10.3.1/../../../../arm-none-eabi/lib/thumb/v6-m/nofp\libg.a(lib_a-mprec.o)
                0x1000c430                __multadd
 .text.__s2b    0x1000c4d8       0xb0 c:/vsarm/armcc/102021~1.10/bin/../lib/gcc/arm-none-eabi/10.3.1/../../../../arm-none-eabi/lib/thumb/v6-m/nofp\libg.a(lib_a-mprec.o)
                0x1000c4d8                __s2b
 .text.__hi0bits
                0x1000c588       0x38 c:/vsarm/armcc/102021~1.10/bin/../lib/gcc/arm-none-eabi/10.3.1/../../../../arm-none-eabi/lib/thumb/v6-m/nofp\libg.a(lib_a-mprec.o)
                0x1000c588                __hi0bits
 .text.__lo0bits
                0x1000c5c0       0x5c c:/vsarm/armcc/102021~1.10/bin/../lib/gcc/arm-none-eabi/10.3.1/../../../../arm-none-eabi/lib/thumb/v6-m/nofp\libg.a(lib_a-mprec.o)
                0x1000c5c0                __lo0bits
 .text.__i2b    0x1000c61c       0x60 c:/vsarm/armcc/102021~1.10/bin/../lib/gcc/arm-none-eabi/10.3.1/../../../../arm-none-eabi/lib/thumb/v6-m/nofp\libg.a(lib_a-mprec.o)
                0x1000c61c                __i2b
 .text.__multiply
                0x1000c67c      0x1a4 c:/vsarm/armcc/102021~1.10/bin/../lib/gcc/arm-none-eabi/10.3.1/../../../../arm-none-eabi/lib/thumb/v6-m/nofp\libg.a(lib_a-mprec.o)
                0x1000c67c                __multiply
 .text.__pow5mult
                0x1000c820       0xd8 c:/vsarm/armcc/102021~1.10/bin/../lib/gcc/arm-none-eabi/10.3.1/../../../../arm-none-eabi/lib/thumb/v6-m/nofp\libg.a(lib_a-mprec.o)
                0x1000c820                __pow5mult
 .text.__lshift
                0x1000c8f8       0xfc c:/vsarm/armcc/102021~1.10/bin/../lib/gcc/arm-none-eabi/10.3.1/../../../../arm-none-eabi/lib/thumb/v6-m/nofp\libg.a(lib_a-mprec.o)
                0x1000c8f8                __lshift
 .text.__mcmp   0x1000c9f4       0x34 c:/vsarm/armcc/102021~1.10/bin/../lib/gcc/arm-none-eabi/10.3.1/../../../../arm-none-eabi/lib/thumb/v6-m/nofp\libg.a(lib_a-mprec.o)
                0x1000c9f4                __mcmp
 .text.__mdiff  0x1000ca28      0x18c c:/vsarm/armcc/102021~1.10/bin/../lib/gcc/arm-none-eabi/10.3.1/../../../../arm-none-eabi/lib/thumb/v6-m/nofp\libg.a(lib_a-mprec.o)
                0x1000ca28                __mdiff
 .text.__ulp    0x1000cbb4       0x48 c:/vsarm/armcc/102021~1.10/bin/../lib/gcc/arm-none-eabi/10.3.1/../../../../arm-none-eabi/lib/thumb/v6-m/nofp\libg.a(lib_a-mprec.o)
                0x1000cbb4                __ulp
 .text.__b2d    0x1000cbfc       0xc8 c:/vsarm/armcc/102021~1.10/bin/../lib/gcc/arm-none-eabi/10.3.1/../../../../arm-none-eabi/lib/thumb/v6-m/nofp\libg.a(lib_a-mprec.o)
                0x1000cbfc                __b2d
 .text.__d2b    0x1000ccc4       0xd8 c:/vsarm/armcc/102021~1.10/bin/../lib/gcc/arm-none-eabi/10.3.1/../../../../arm-none-eabi/lib/thumb/v6-m/nofp\libg.a(lib_a-mprec.o)
                0x1000ccc4                __d2b
 .text.__ratio  0x1000cd9c       0x68 c:/vsarm/armcc/102021~1.10/bin/../lib/gcc/arm-none-eabi/10.3.1/../../../../arm-none-eabi/lib/thumb/v6-m/nofp\libg.a(lib_a-mprec.o)
                0x1000cd9c                __ratio
 .text.__copybits
                0x1000ce04       0x40 c:/vsarm/armcc/102021~1.10/bin/../lib/gcc/arm-none-eabi/10.3.1/../../../../arm-none-eabi/lib/thumb/v6-m/nofp\libg.a(lib_a-mprec.o)
                0x1000ce04                __copybits
 .text.__any_on
                0x1000ce44       0x50 c:/vsarm/armcc/102021~1.10/bin/../lib/gcc/arm-none-eabi/10.3.1/../../../../arm-none-eabi/lib/thumb/v6-m/nofp\libg.a(lib_a-mprec.o)
                0x1000ce44                __any_on
 .text._read_r  0x1000ce94       0x28 c:/vsarm/armcc/102021~1.10/bin/../lib/gcc/arm-none-eabi/10.3.1/../../../../arm-none-eabi/lib/thumb/v6-m/nofp\libg.a(lib_a-readr.o)
                0x1000ce94                _read_r
 .text.nan      0x1000cebc        0xc c:/vsarm/armcc/102021~1.10/bin/../lib/gcc/arm-none-eabi/10.3.1/../../../../arm-none-eabi/lib/thumb/v6-m/nofp\libg.a(lib_a-s_nan.o)
                0x1000cebc                nan
 .text.strncmp  0x1000cec8       0x74 c:/vsarm/armcc/102021~1.10/bin/../lib/gcc/arm-none-eabi/10.3.1/../../../../arm-none-eabi/lib/thumb/v6-m/nofp\libg.a(lib_a-strncmp.o)
                0x1000cec8                strncmp
 .text._fstat_r
                0x1000cf3c       0x28 c:/vsarm/armcc/102021~1.10/bin/../lib/gcc/arm-none-eabi/10.3.1/../../../../arm-none-eabi/lib/thumb/v6-m/nofp\libg.a(lib_a-fstatr.o)
                0x1000cf3c                _fstat_r
 .text._isatty_r
                0x1000cf64       0x24 c:/vsarm/armcc/102021~1.10/bin/../lib/gcc/arm-none-eabi/10.3.1/../../../../arm-none-eabi/lib/thumb/v6-m/nofp\libg.a(lib_a-isattyr.o)
                0x1000cf64                _isatty_r
 *(.fini)
 .fini          0x1000cf88        0x4 c:/vsarm/armcc/102021~1.10/bin/../lib/gcc/arm-none-eabi/10.3.1/thumb/v6-m/nofp/crti.o
                0x1000cf88                _fini
 *fill*         0x1000cf8c        0x4 
 .fini.__stub   0x1000cf90       0xe0 linker stubs
 *crtbegin.o(.ctors)
 *crtbegin?.o(.ctors)
 *(EXCLUDE_FILE(*crtend.o *crtend?.o) .ctors)
 *(SORT_BY_NAME(.ctors.*))
 *(.ctors)
 *crtbegin.o(.dtors)
 *crtbegin?.o(.dtors)
 *(EXCLUDE_FILE(*crtend.o *crtend?.o) .dtors)
 *(SORT_BY_NAME(.dtors.*))
 *(.dtors)
 *(.eh_frame*)
 .eh_frame      0x1000d070        0x0 c:/vsarm/armcc/102021~1.10/bin/../lib/gcc/arm-none-eabi/10.3.1/thumb/v6-m/nofp/crtbegin.o
                0x1000d070                . = ALIGN (0x4)

.glue_7         0x1000d070        0x0
 .glue_7        0x1000d070        0x0 linker stubs

.glue_7t        0x1000d070        0x0
 .glue_7t       0x1000d070        0x0 linker stubs

.vfp11_veneer   0x1000d070        0x0
 .vfp11_veneer  0x1000d070        0x0 linker stubs

.v4_bx          0x1000d070        0x0
 .v4_bx         0x1000d070        0x0 linker stubs

.iplt           0x1000d070        0x0
 .iplt          0x1000d070        0x0 c:/vsarm/armcc/102021~1.10/bin/../lib/gcc/arm-none-eabi/10.3.1/thumb/v6-m/nofp/crtbegin.o

.rodata         0x1000d070     0x1f6c
 *(EXCLUDE_FILE(*libm.a: *libc.a:*lib_a-mem*.o *libgcc.a:) .rodata*)
 .rodata.per_timer_callback.str1.4
                0x1000d070       0x20 CMakeFiles/temp_read.dir/main.c.obj
 .rodata.main.str1.4
                0x1000d090       0x4b CMakeFiles/temp_read.dir/main.c.obj
 *fill*         0x1000d0db        0x1 
 .rodata.spin_lock_claim_unused.str1.4
                0x1000d0dc       0x1b CMakeFiles/temp_read.dir/C_/VSARM/sdk/pico/pico-sdk/src/rp2_common/hardware_sync/sync.c.obj
 *fill*         0x1000d0f7        0x1 
 .rodata.make_branch.str1.4
                0x1000d0f8       0x6d CMakeFiles/temp_read.dir/C_/VSARM/sdk/pico/pico-sdk/src/rp2_common/hardware_irq/irq.c.obj
 *fill*         0x1000d165        0x3 
 .rodata.insert_branch_and_link.str1.4
                0x1000d168       0x10 CMakeFiles/temp_read.dir/C_/VSARM/sdk/pico/pico-sdk/src/rp2_common/hardware_irq/irq.c.obj
 .rodata.irq_set_exclusive_handler.str1.4
                0x1000d178       0x36 CMakeFiles/temp_read.dir/C_/VSARM/sdk/pico/pico-sdk/src/rp2_common/hardware_irq/irq.c.obj
 *fill*         0x1000d1ae        0x2 
 .rodata.irq_add_shared_handler.str1.4
                0x1000d1b0       0xd9 CMakeFiles/temp_read.dir/C_/VSARM/sdk/pico/pico-sdk/src/rp2_common/hardware_irq/irq.c.obj
 *fill*         0x1000d289        0x3 
 .rodata.irq_remove_handler.str1.4
                0x1000d28c       0x3a CMakeFiles/temp_read.dir/C_/VSARM/sdk/pico/pico-sdk/src/rp2_common/hardware_irq/irq.c.obj
 *fill*         0x1000d2c6        0x2 
 .rodata.irq_add_tail_to_free_list.str1.4
                0x1000d2c8       0x3a CMakeFiles/temp_read.dir/C_/VSARM/sdk/pico/pico-sdk/src/rp2_common/hardware_irq/irq.c.obj
 *fill*         0x1000d302        0x2 
 .rodata.user_irq_claim_unused.str1.4
                0x1000d304       0x1b CMakeFiles/temp_read.dir/C_/VSARM/sdk/pico/pico-sdk/src/rp2_common/hardware_irq/irq.c.obj
 *fill*         0x1000d31f        0x1 
 .rodata.__func__.0
                0x1000d320       0x1a CMakeFiles/temp_read.dir/C_/VSARM/sdk/pico/pico-sdk/src/rp2_common/hardware_irq/irq.c.obj
 *fill*         0x1000d33a        0x2 
 .rodata.__func__.1
                0x1000d33c       0x17 CMakeFiles/temp_read.dir/C_/VSARM/sdk/pico/pico-sdk/src/rp2_common/hardware_irq/irq.c.obj
 *fill*         0x1000d353        0x1 
 .rodata.__func__.2
                0x1000d354       0x13 CMakeFiles/temp_read.dir/C_/VSARM/sdk/pico/pico-sdk/src/rp2_common/hardware_irq/irq.c.obj
 *fill*         0x1000d367        0x1 
 .rodata.__func__.3
                0x1000d368        0xc CMakeFiles/temp_read.dir/C_/VSARM/sdk/pico/pico-sdk/src/rp2_common/hardware_irq/irq.c.obj
 .rodata.__func__.4
                0x1000d374        0xf CMakeFiles/temp_read.dir/C_/VSARM/sdk/pico/pico-sdk/src/rp2_common/hardware_irq/irq.c.obj
 *fill*         0x1000d383        0x1 
 .rodata.__func__.5
                0x1000d384       0x17 CMakeFiles/temp_read.dir/C_/VSARM/sdk/pico/pico-sdk/src/rp2_common/hardware_irq/irq.c.obj
 *fill*         0x1000d39b        0x1 
 .rodata.__func__.6
                0x1000d39c       0x1a CMakeFiles/temp_read.dir/C_/VSARM/sdk/pico/pico-sdk/src/rp2_common/hardware_irq/irq.c.obj
 *fill*         0x1000d3b6        0x2 
 .rodata.str1.4
                0x1000d3b8       0xed CMakeFiles/temp_read.dir/C_/VSARM/sdk/pico/pico-sdk/src/common/pico_sync/mutex.c.obj
 *fill*         0x1000d4a5        0x3 
 .rodata.__func__.1
                0x1000d4a8        0xb CMakeFiles/temp_read.dir/C_/VSARM/sdk/pico/pico-sdk/src/common/pico_sync/mutex.c.obj
 *fill*         0x1000d4b3        0x1 
 .rodata.__func__.3
                0x1000d4b4       0x18 CMakeFiles/temp_read.dir/C_/VSARM/sdk/pico/pico-sdk/src/common/pico_sync/mutex.c.obj
 .rodata.__func__.4
                0x1000d4cc       0x15 CMakeFiles/temp_read.dir/C_/VSARM/sdk/pico/pico-sdk/src/common/pico_sync/mutex.c.obj
 *fill*         0x1000d4e1        0x3 
 .rodata.repeating_timer_callback.str1.4
                0x1000d4e4       0x4b CMakeFiles/temp_read.dir/C_/VSARM/sdk/pico/pico-sdk/src/common/pico_time/time.c.obj
 *fill*         0x1000d52f        0x1 
 .rodata.timer_pool_entry_comparator.str1.4
                0x1000d530       0x22 CMakeFiles/temp_read.dir/C_/VSARM/sdk/pico/pico-sdk/src/common/pico_time/time.c.obj
 *fill*         0x1000d552        0x2 
 .rodata.ph_add_child_node.str1.4
                0x1000d554       0x96 CMakeFiles/temp_read.dir/C_/VSARM/sdk/pico/pico-sdk/src/common/pico_time/time.c.obj
 *fill*         0x1000d5ea        0x2 
 .rodata.add_alarm_under_lock.str1.4
                0x1000d5ec       0x28 CMakeFiles/temp_read.dir/C_/VSARM/sdk/pico/pico-sdk/src/common/pico_time/time.c.obj
                                 0x2b (size before relaxing)
 .rodata.alarm_pool_alarm_callback.str1.4
                0x1000d614       0x98 CMakeFiles/temp_read.dir/C_/VSARM/sdk/pico/pico-sdk/src/common/pico_time/time.c.obj
                                 0xfc (size before relaxing)
 .rodata.alarm_pool_get_default.str1.4
                0x1000d6ac       0x21 CMakeFiles/temp_read.dir/C_/VSARM/sdk/pico/pico-sdk/src/common/pico_time/time.c.obj
 *fill*         0x1000d6cd        0x3 
 .rodata.alarm_pool_cancel_alarm.str1.4
                0x1000d6d0       0x27 CMakeFiles/temp_read.dir/C_/VSARM/sdk/pico/pico-sdk/src/common/pico_time/time.c.obj
 *fill*         0x1000d6f7        0x1 
 .rodata.sleep_until.str1.4
                0x1000d6f8       0x4d CMakeFiles/temp_read.dir/C_/VSARM/sdk/pico/pico-sdk/src/common/pico_time/time.c.obj
 *fill*         0x1000d745        0x3 
 .rodata.__func__.0
                0x1000d748       0x19 CMakeFiles/temp_read.dir/C_/VSARM/sdk/pico/pico-sdk/src/common/pico_time/time.c.obj
 *fill*         0x1000d761        0x3 
 .rodata.__func__.1
                0x1000d764       0x18 CMakeFiles/temp_read.dir/C_/VSARM/sdk/pico/pico-sdk/src/common/pico_time/time.c.obj
 .rodata.__func__.10
                0x1000d77c       0x15 CMakeFiles/temp_read.dir/C_/VSARM/sdk/pico/pico-sdk/src/common/pico_time/time.c.obj
 *fill*         0x1000d791        0x3 
 .rodata.__func__.11
                0x1000d794       0x1a CMakeFiles/temp_read.dir/C_/VSARM/sdk/pico/pico-sdk/src/common/pico_time/time.c.obj
 *fill*         0x1000d7ae        0x2 
 .rodata.__func__.12
                0x1000d7b0        0xa CMakeFiles/temp_read.dir/C_/VSARM/sdk/pico/pico-sdk/src/common/pico_time/time.c.obj
 *fill*         0x1000d7ba        0x2 
 .rodata.__func__.3
                0x1000d7bc       0x17 CMakeFiles/temp_read.dir/C_/VSARM/sdk/pico/pico-sdk/src/common/pico_time/time.c.obj
 *fill*         0x1000d7d3        0x1 
 .rodata.__func__.4
                0x1000d7d4       0x12 CMakeFiles/temp_read.dir/C_/VSARM/sdk/pico/pico-sdk/src/common/pico_time/time.c.obj
 *fill*         0x1000d7e6        0x2 
 .rodata.__func__.5
                0x1000d7e8        0xd CMakeFiles/temp_read.dir/C_/VSARM/sdk/pico/pico-sdk/src/common/pico_time/time.c.obj
 *fill*         0x1000d7f5        0x3 
 .rodata.__func__.6
                0x1000d7f8       0x12 CMakeFiles/temp_read.dir/C_/VSARM/sdk/pico/pico-sdk/src/common/pico_time/time.c.obj
 *fill*         0x1000d80a        0x2 
 .rodata.__func__.7
                0x1000d80c        0xf CMakeFiles/temp_read.dir/C_/VSARM/sdk/pico/pico-sdk/src/common/pico_time/time.c.obj
 *fill*         0x1000d81b        0x1 
 .rodata.__func__.8
                0x1000d81c        0xc CMakeFiles/temp_read.dir/C_/VSARM/sdk/pico/pico-sdk/src/common/pico_time/time.c.obj
 .rodata.__func__.9
                0x1000d828       0x15 CMakeFiles/temp_read.dir/C_/VSARM/sdk/pico/pico-sdk/src/common/pico_time/time.c.obj
 *fill*         0x1000d83d        0x3 
 .rodata.at_the_end_of_time
                0x1000d840        0x8 CMakeFiles/temp_read.dir/C_/VSARM/sdk/pico/pico-sdk/src/common/pico_time/time.c.obj
                0x1000d840                at_the_end_of_time
 .rodata.hardware_alarm_claim.str1.4
                0x1000d848       0x22 CMakeFiles/temp_read.dir/C_/VSARM/sdk/pico/pico-sdk/src/rp2_common/hardware_timer/timer.c.obj
 .rodata.busy_wait_us.str1.4
                0x1000d86a       0x61 CMakeFiles/temp_read.dir/C_/VSARM/sdk/pico/pico-sdk/src/rp2_common/hardware_timer/timer.c.obj
 *fill*         0x1000d86a        0x2 
 .rodata.hardware_alarm_set_target.str1.4
                0x1000d86c       0x65 CMakeFiles/temp_read.dir/C_/VSARM/sdk/pico/pico-sdk/src/rp2_common/hardware_timer/timer.c.obj
 *fill*         0x1000d8d1        0x3 
 .rodata.__func__.0
                0x1000d8d4       0x1a CMakeFiles/temp_read.dir/C_/VSARM/sdk/pico/pico-sdk/src/rp2_common/hardware_timer/timer.c.obj
 *fill*         0x1000d8ee        0x2 
 .rodata.__func__.1
                0x1000d8f0       0x15 CMakeFiles/temp_read.dir/C_/VSARM/sdk/pico/pico-sdk/src/rp2_common/hardware_timer/timer.c.obj
 .rodata.ph_add_child_node.str1.4
                0x1000d905       0x96 CMakeFiles/temp_read.dir/C_/VSARM/sdk/pico/pico-sdk/src/common/pico_util/pheap.c.obj
 *fill*         0x1000d905        0x3 
 .rodata.ph_remove_any_head.str1.4
                0x1000d908       0x8c CMakeFiles/temp_read.dir/C_/VSARM/sdk/pico/pico-sdk/src/common/pico_util/pheap.c.obj
                                 0xa0 (size before relaxing)
 .rodata.ph_remove_and_free_node.str1.4
                0x1000d994       0x1e CMakeFiles/temp_read.dir/C_/VSARM/sdk/pico/pico-sdk/src/common/pico_util/pheap.c.obj
                                 0x26 (size before relaxing)
 *fill*         0x1000d9b2        0x2 
 .rodata.__func__.0
                0x1000d9b4       0x18 CMakeFiles/temp_read.dir/C_/VSARM/sdk/pico/pico-sdk/src/common/pico_util/pheap.c.obj
 .rodata.__func__.1
                0x1000d9cc       0x13 CMakeFiles/temp_read.dir/C_/VSARM/sdk/pico/pico-sdk/src/common/pico_util/pheap.c.obj
 *fill*         0x1000d9df        0x1 
 .rodata.__func__.2
                0x1000d9e0       0x12 CMakeFiles/temp_read.dir/C_/VSARM/sdk/pico/pico-sdk/src/common/pico_util/pheap.c.obj
 *fill*         0x1000d9f2        0x2 
 .rodata.__func__.3
                0x1000d9f4        0xc CMakeFiles/temp_read.dir/C_/VSARM/sdk/pico/pico-sdk/src/common/pico_util/pheap.c.obj
 .rodata.clock_configure.str1.4
                0x1000da00       0x57 CMakeFiles/temp_read.dir/C_/VSARM/sdk/pico/pico-sdk/src/rp2_common/hardware_clocks/clocks.c.obj
 *fill*         0x1000da57        0x1 
 .rodata.__func__.1
                0x1000da58       0x10 CMakeFiles/temp_read.dir/C_/VSARM/sdk/pico/pico-sdk/src/rp2_common/hardware_clocks/clocks.c.obj
 .rodata.pll_init.str1.4